Component: ARM Compiler 5.06 update 1 (build 61) Tool: armlink [4d35a8]

==============================================================================

Section Cross References

    main.o(i.assert_nrf_callback) refers to app_error_handler_keil.o(.emb_text) for app_error_handler
    main.o(i.ble_evt_handler) refers to nrf_log_frontend.o(i.nrf_log_frontend_std_0) for nrf_log_frontend_std_0
    main.o(i.ble_evt_handler) refers to bsp.o(i.bsp_indication_set) for bsp_indication_set
    main.o(i.ble_evt_handler) refers to app_error.o(i.app_error_handler_bare) for app_error_handler_bare
    main.o(i.ble_evt_handler) refers to nrf_ble_qwr.o(i.nrf_ble_qwr_conn_handle_assign) for nrf_ble_qwr_conn_handle_assign
    main.o(i.ble_evt_handler) refers to main.o(.data) for .data
    main.o(i.ble_evt_handler) refers to nrf_log_frontend.o(log_const_data) for m_nrf_log_app_logs_data_const
    main.o(i.ble_evt_handler) refers to main.o(.bss) for .bss
    main.o(i.bsp_event_handler) refers to main.o(i.sleep_mode_enter) for sleep_mode_enter
    main.o(i.bsp_event_handler) refers to app_error.o(i.app_error_handler_bare) for app_error_handler_bare
    main.o(i.bsp_event_handler) refers to ble_advertising.o(i.ble_advertising_restart_without_whitelist) for ble_advertising_restart_without_whitelist
    main.o(i.bsp_event_handler) refers to main.o(.data) for .data
    main.o(i.bsp_event_handler) refers to main.o(.bss) for .bss
    main.o(i.conn_params_error_handler) refers to app_error.o(i.app_error_handler_bare) for app_error_handler_bare
    main.o(i.gatt_evt_handler) refers to nrf_log_frontend.o(i.nrf_log_frontend_std_2) for nrf_log_frontend_std_2
    main.o(i.gatt_evt_handler) refers to main.o(.data) for .data
    main.o(i.gatt_evt_handler) refers to nrf_log_frontend.o(log_const_data) for m_nrf_log_app_logs_data_const
    main.o(i.gatt_init) refers to nrf_ble_gatt.o(i.nrf_ble_gatt_init) for nrf_ble_gatt_init
    main.o(i.gatt_init) refers to app_error.o(i.app_error_handler_bare) for app_error_handler_bare
    main.o(i.gatt_init) refers to nrf_ble_gatt.o(i.nrf_ble_gatt_att_mtu_periph_set) for nrf_ble_gatt_att_mtu_periph_set
    main.o(i.gatt_init) refers to main.o(i.gatt_evt_handler) for gatt_evt_handler
    main.o(i.gatt_init) refers to main.o(.bss) for .bss
    main.o(i.main) refers to memcpya.o(.text) for __aeabi_memcpy4
    main.o(i.main) refers to app_uart_fifo.o(i.app_uart_init) for app_uart_init
    main.o(i.main) refers to app_error.o(i.app_error_handler_bare) for app_error_handler_bare
    main.o(i.main) refers to nrf_log_frontend.o(i.nrf_log_init) for nrf_log_init
    main.o(i.main) refers to nrf_log_default_backends.o(i.nrf_log_default_backends_init) for nrf_log_default_backends_init
    main.o(i.main) refers to app_timer2.o(i.app_timer_init) for app_timer_init
    main.o(i.main) refers to bsp.o(i.bsp_init) for bsp_init
    main.o(i.main) refers to bsp_btn_ble.o(i.bsp_btn_ble_init) for bsp_btn_ble_init
    main.o(i.main) refers to nrf_pwr_mgmt.o(i.nrf_pwr_mgmt_init) for nrf_pwr_mgmt_init
    main.o(i.main) refers to nrf_sdh.o(i.nrf_sdh_enable_request) for nrf_sdh_enable_request
    main.o(i.main) refers to nrf_sdh_ble.o(i.nrf_sdh_ble_default_cfg_set) for nrf_sdh_ble_default_cfg_set
    main.o(i.main) refers to nrf_sdh_ble.o(i.nrf_sdh_ble_enable) for nrf_sdh_ble_enable
    main.o(i.main) refers to main.o(i.gatt_init) for gatt_init
    main.o(i.main) refers to nrf_ble_qwr.o(i.nrf_ble_qwr_init) for nrf_ble_qwr_init
    main.o(i.main) refers to ble_nus.o(i.ble_nus_init) for ble_nus_init
    main.o(i.main) refers to memseta.o(.text) for __aeabi_memclr4
    main.o(i.main) refers to ble_advertising.o(i.ble_advertising_init) for ble_advertising_init
    main.o(i.main) refers to ble_advertising.o(i.ble_advertising_conn_cfg_tag_set) for ble_advertising_conn_cfg_tag_set
    main.o(i.main) refers to ble_conn_params.o(i.ble_conn_params_init) for ble_conn_params_init
    main.o(i.main) refers to printfb.o(i.__0printf$bare) for __2printf
    main.o(i.main) refers to nrf_log_frontend.o(i.nrf_log_frontend_std_0) for nrf_log_frontend_std_0
    main.o(i.main) refers to ble_advertising.o(i.ble_advertising_start) for ble_advertising_start
    main.o(i.main) refers to main.o(i.nrf_gpio_cfg_output) for nrf_gpio_cfg_output
    main.o(i.main) refers to main.o(i.nrf_gpio_pin_set) for nrf_gpio_pin_set
    main.o(i.main) refers to nrf_log_frontend.o(i.nrf_log_frontend_dequeue) for nrf_log_frontend_dequeue
    main.o(i.main) refers to nrf_pwr_mgmt.o(i.nrf_pwr_mgmt_run) for nrf_pwr_mgmt_run
    main.o(i.main) refers to main.o(i.nrf_delay_ms) for nrf_delay_ms
    main.o(i.main) refers to spitest.o(i.epdtest) for epdtest
    main.o(i.main) refers to main.o(.constdata) for .constdata
    main.o(i.main) refers to main.o(.bss) for .bss
    main.o(i.main) refers to main.o(i.uart_event_handle) for uart_event_handle
    main.o(i.main) refers to main.o(i.bsp_event_handler) for bsp_event_handler
[...]
    m_app_timer_sortlist_sortlist_cb         0x20002358   Data           4  app_timer2.o(.data)
    .data                                    0x2000235c   Section       28  app_uart_fifo.o(.data)
    tx_buffer                                0x2000235c   Data           1  app_uart_fifo.o(.data)
    rx_buffer                                0x2000235d   Data           1  app_uart_fifo.o(.data)
    m_rx_ovf                                 0x2000235e   Data           1  app_uart_fifo.o(.data)
    m_event_handler                          0x20002360   Data           4  app_uart_fifo.o(.data)
    app_uart_inst                            0x20002364   Data          20  app_uart_fifo.o(.data)
    .data                                    0x20002378   Section       12  drv_rtc.o(.data)
    m_handlers                               0x20002378   Data           4  drv_rtc.o(.data)
    m_cb                                     0x2000237c   Data           8  drv_rtc.o(.data)
    .data                                    0x20002384   Section        8  nrf_pwr_mgmt.o(.data)
    m_pwr_mgmt_evt                           0x20002384   Data           1  nrf_pwr_mgmt.o(.data)
    m_shutdown_started                       0x20002385   Data           1  nrf_pwr_mgmt.o(.data)
    m_sysoff_mtx                             0x20002388   Data           4  nrf_pwr_mgmt.o(.data)
    .data                                    0x2000238c   Section        4  retarget.o(.data)
    .data                                    0x20002390   Section        1  nrf_log_backend_rtt.o(.data)
    m_host_present                           0x20002390   Data           1  nrf_log_backend_rtt.o(.data)
    .data                                    0x20002394   Section        8  nrf_log_default_backends.o(.data)
    log_backend_cb_rtt_log_backend           0x20002394   Data           8  nrf_log_default_backends.o(.data)
    .data                                    0x2000239c   Section        4  nrf_log_frontend.o(.data)
    m_buffer_mask                            0x2000239c   Data           4  nrf_log_frontend.o(.data)
    .data                                    0x200023a0   Section        8  nrf_log_frontend.o(.data)
    log_mempool_nrf_balloc_pool_stack        0x200023a0   Data           8  nrf_log_frontend.o(.data)
    .data                                    0x200023a8   Section        8  nrf_log_frontend.o(.data)
    log_mempool_nrf_balloc_cb                0x200023a8   Data           8  nrf_log_frontend.o(.data)
    .data                                    0x200023b0   Section       64  nrf_log_str_formatter.o(.data)
    m_freq                                   0x200023b0   Data           4  nrf_log_str_formatter.o(.data)
    m_timestamp_div                          0x200023b4   Data           4  nrf_log_str_formatter.o(.data)
    severity_names                           0x200023b8   Data          20  nrf_log_str_formatter.o(.data)
    m_colors                                 0x200023cc   Data          36  nrf_log_str_formatter.o(.data)
    .data                                    0x200023f0   Section        3  nrf_sdh.o(.data)
    m_nrf_sdh_enabled                        0x200023f0   Data           1  nrf_sdh.o(.data)
    m_nrf_sdh_suspended                      0x200023f1   Data           1  nrf_sdh.o(.data)
    m_nrf_sdh_continue                       0x200023f2   Data           1  nrf_sdh.o(.data)
    .data                                    0x200023f3   Section        1  nrf_sdh_ble.o(.data)
    m_stack_is_enabled                       0x200023f3   Data           1  nrf_sdh_ble.o(.data)
    .data                                    0x200023f4   Section        4  system_nrf52.o(.data)
    __tagsym$$used                           0x200023f4   Number         0  system_nrf52.o(.data)
    .bss                                     0x200023f8   Section      788  main.o(.bss)
    rx_buf                                   0x200023f8   Data         256  main.o(.bss)
    tx_buf                                   0x200024f8   Data         256  main.o(.bss)
    m_gatt                                   0x200025f8   Data          16  main.o(.bss)
    m_qwr                                    0x20002608   Data          12  main.o(.bss)
    m_advertising                            0x20002614   Data         248  main.o(.bss)
    .bss                                     0x20002710   Section       80  ble_conn_params.o(.bss)
    m_timer_data                             0x20002710   Data          32  ble_conn_params.o(.bss)
    m_conn_params_instances                  0x20002730   Data          20  ble_conn_params.o(.bss)
    m_conn_params_config                     0x20002744   Data          28  ble_conn_params.o(.bss)
    .bss                                     0x20002760   Section      124  ble_conn_state.o(.bss)
    m_bcs                                    0x20002760   Data         124  ble_conn_state.o(.bss)
    .bss                                     0x200027dc   Section       20  nrf_drv_clock.o(.bss)
    m_clock_cb                               0x200027dc   Data          20  nrf_drv_clock.o(.bss)
    .bss                                     0x200027f0   Section       92  nrfx_gpiote.o(.bss)
    m_cb                                     0x200027f0   Data          92  nrfx_gpiote.o(.bss)
    .bss                                     0x2000284c   Section       44  nrfx_uart.o(.bss)
    m_cb                                     0x2000284c   Data          44  nrfx_uart.o(.bss)
    .bss                                     0x20002878   Section       36  nrfx_uarte.o(.bss)
    m_cb                                     0x20002878   Data          36  nrfx_uarte.o(.bss)
    .bss                                     0x2000289c   Section       36  nrfx_spim.o(.bss)
    m_cb                                     0x2000289c   Data          36  nrfx_spim.o(.bss)
    .bss                                     0x200028c0   Section       16  app_timer2.o(.bss)
    m_req_fifo_inst                          0x200028c0   Data          16  app_timer2.o(.bss)
    .bss                                     0x200028d0   Section       88  app_timer2.o(.bss)
    m_req_fifo_data                          0x200028d0   Data          88  app_timer2.o(.bss)
    .bss                                     0x20002928   Section       32  app_uart_fifo.o(.bss)
    m_rx_fifo                                0x20002928   Data          16  app_uart_fifo.o(.bss)
    m_tx_fifo                                0x20002938   Data          16  app_uart_fifo.o(.bss)
    .bss                                     0x20002948   Section       12  app_util_platform.o(.bss)
    .bss                                     0x20002954   Section       12  nrf_pwr_mgmt.o(.bss)
    m_handlers_iter                          0x20002954   Data          12  nrf_pwr_mgmt.o(.bss)
    .bss                                     0x20002960   Section       64  nrf_log_backend_rtt.o(.bss)
    m_string_buff                            0x20002960   Data          64  nrf_log_backend_rtt.o(.bss)
    .bss                                     0x200029a0   Section      192  nrf_log_frontend.o(.bss)
    log_mempool_nrf_balloc_pool_mem          0x200029a0   Data         192  nrf_log_frontend.o(.bss)
    .bss                                     0x20002a60   Section      128  nrf_log_frontend.o(.bss)
    m_log_push_ringbuf_buf                   0x20002a60   Data         128  nrf_log_frontend.o(.bss)
    .bss                                     0x20002ae0   Section       24  nrf_log_frontend.o(.bss)
    m_log_push_ringbuf_cb                    0x20002ae0   Data          24  nrf_log_frontend.o(.bss)
    .bss                                     0x20002af8   Section     1056  nrf_log_frontend.o(.bss)
    m_log_data                               0x20002af8   Data        1056  nrf_log_frontend.o(.bss)
    .bss                                     0x20002f18   Section      648  segger_rtt.o(.bss)
    _acUpBuffer                              0x20002f90   Data         512  segger_rtt.o(.bss)
    _acDownBuffer                            0x20003190   Data          16  segger_rtt.o(.bss)
    STACK                                    0x200031a0   Section     2048  arm_startup_nrf52811.o(STACK)

    Global Symbols

    Symbol Name                              Value     Ov Type        Size  Object(Section)

    BuildAttributes$$THM_ISAv4$E$P$D$K$B$S$7EM$PE$A:L22UL41UL21$X:L11$S22US41US21$IEEE1$IW$USESV6$~STKCKD$USESV7$~SHL$OSPACE$ROPI$EBA8$MICROLIB$REQ8$EABIv2 0x00000000   Number         0  anon$$obj.o ABSOLUTE
    __ARM_use_no_argv                        0x00000000   Number         0  main.o ABSOLUTE
    __cpp_initialize__aeabi_                  - Undefined Weak Reference
    __cxa_finalize                            - Undefined Weak Reference
    _clock_init                               - Undefined Weak Reference
    _microlib_exit                            - Undefined Weak Reference
    log_dynamic_data$$Base                    - Undefined Reference
    pwr_mgmt_data0$$Base                      - Undefined Reference
    pwr_mgmt_data0$$Limit                     - Undefined Reference
    pwr_mgmt_data1$$Base                      - Undefined Reference
    pwr_mgmt_data1$$Limit                     - Undefined Reference
    pwr_mgmt_data2$$Base                      - Undefined Reference
    pwr_mgmt_data2$$Limit                     - Undefined Reference
    sdh_req_observers0$$Base                  - Undefined Reference
    sdh_req_observers0$$Limit                 - Undefined Reference
    sdh_req_observers1$$Base                  - Undefined Reference
    sdh_req_observers1$$Limit                 - Undefined Reference
    sdh_soc_observers1$$Base                  - Undefined Reference
    sdh_soc_observers1$$Limit                 - Undefined Reference
    sdh_stack_observers1$$Base                - Undefined Reference
    sdh_stack_observers1$$Limit               - Undefined Reference
    sdh_state_observers1$$Base                - Undefined Reference
    sdh_state_observers1$$Limit               - Undefined Reference
    __Vectors_Size                           0x00000200   Number         0  arm_startup_nrf52811.o ABSOLUTE
    __Vectors                                0x00019000   Data           4  arm_startup_nrf52811.o(RESET)
    __Vectors_End                            0x00019200   Data           0  arm_startup_nrf52811.o(RESET)
    __main                                   0x00019201   Thumb Code     0  entry.o(.ARM.Collect$$$$00000000)
    _main_stk                                0x00019201   Thumb Code     0  entry2.o(.ARM.Collect$$$$00000001)
    _main_scatterload                        0x00019205   Thumb Code     0  entry5.o(.ARM.Collect$$$$00000004)
    __main_after_scatterload                 0x00019209   Thumb Code     0  entry5.o(.ARM.Collect$$$$00000004)
    _main_clock                              0x00019209   Thumb Code     0  entry7b.o(.ARM.Collect$$$$00000008)
    _main_cpp_init                           0x00019209   Thumb Code     0  entry8b.o(.ARM.Collect$$$$0000000A)
    _main_init                               0x00019209   Thumb Code     0  entry9a.o(.ARM.Collect$$$$0000000B)
    __rt_final_cpp                           0x00019211   Thumb Code     0  entry10a.o(.ARM.Collect$$$$0000000D)
    __rt_final_exit                          0x00019211   Thumb Code     0  entry11a.o(.ARM.Collect$$$$0000000F)
    __asm___12_nrf_atfifo_c_51f461e1__nrf_atfifo_wspace_req 0x00019215   Thumb Code    56  nrf_atfifo.o(.emb_text)
    __asm___12_nrf_atfifo_c_51f461e1__nrf_atfifo_wspace_close 0x0001924d   Thumb Code    18  nrf_atfifo.o(.emb_text)
    __asm___12_nrf_atfifo_c_51f461e1__nrf_atfifo_rspace_req 0x0001925f   Thumb Code    58  nrf_atfifo.o(.emb_text)
    __asm___12_nrf_atfifo_c_51f461e1__nrf_atfifo_rspace_close 0x00019299   Thumb Code    18  nrf_atfifo.o(.emb_text)
    __asm___12_nrf_atfifo_c_51f461e1__nrf_atfifo_space_clear 0x000192ab   Thumb Code    50  nrf_atfifo.o(.emb_text)
    __asm___12_nrf_atomic_c_85ca2469__nrf_atomic_internal_mov 0x000192dd   Thumb Code    24  nrf_atomic.o(.emb_text)
    __asm___12_nrf_atomic_c_85ca2469__nrf_atomic_internal_orr 0x000192f5   Thumb Code    26  nrf_atomic.o(.emb_text)
    __asm___12_nrf_atomic_c_85ca2469__nrf_atomic_internal_and 0x0001930f   Thumb Code    26  nrf_atomic.o(.emb_text)
    __asm___12_nrf_atomic_c_85ca2469__nrf_atomic_internal_eor 0x00019329   Thumb Code    26  nrf_atomic.o(.emb_text)
    __asm___12_nrf_atomic_c_85ca2469__nrf_atomic_internal_add 0x00019343   Thumb Code    26  nrf_atomic.o(.emb_text)
    __asm___12_nrf_atomic_c_85ca2469__nrf_atomic_internal_sub 0x0001935d   Thumb Code    26  nrf_atomic.o(.emb_text)
    __asm___12_nrf_atomic_c_85ca2469__nrf_atomic_internal_cmp_exch 0x00019377   Thumb Code    42  nrf_atomic.o(.emb_text)
    __asm___12_nrf_atomic_c_85ca2469__nrf_atomic_internal_sub_hs 0x000193a1   Thumb Code    30  nrf_atomic.o(.emb_text)
    Reset_Handler                            0x000193c1   Thumb Code     8  arm_startup_nrf52811.o(.text)
    NMI_Handler                              0x000193c9   Thumb Code     2  arm_startup_nrf52811.o(.text)
    HardFault_Handler                        0x000193cb   Thumb Code     2  arm_startup_nrf52811.o(.text)
    MemoryManagement_Handler                 0x000193cd   Thumb Code     2  arm_startup_nrf52811.o(.text)
    BusFault_Handler                         0x000193cf   Thumb Code     2  arm_startup_nrf52811.o(.text)
    UsageFault_Handler                       0x000193d1   Thumb Code     2  arm_startup_nrf52811.o(.text)
    SVC_Handler                              0x000193d3   Thumb Code     2  arm_startup_nrf52811.o(.text)
    DebugMon_Handler                         0x000193d5   Thumb Code     2  arm_startup_nrf52811.o(.text)
    PendSV_Handler                           0x000193d7   Thumb Code     2  arm_startup_nrf52811.o(.text)
    SysTick_Handler                          0x000193d9   Thumb Code     2  arm_startup_nrf52811.o(.text)
    CCM_AAR_IRQHandler                       0x000193db   Thumb Code     0  arm_startup_nrf52811.o(.text)
    COMP_IRQHandler                          0x000193db   Thumb Code     0  arm_startup_nrf52811.o(.text)
    ECB_IRQHandler                           0x000193db   Thumb Code     0  arm_startup_nrf52811.o(.text)
    PDM_IRQHandler                           0x000193db   Thumb Code     0  arm_startup_nrf52811.o(.text)
    PWM0_IRQHandler                          0x000193db   Thumb Code     0  arm_startup_nrf52811.o(.text)
    QDEC_IRQHandler                          0x000193db   Thumb Code     0  arm_startup_nrf52811.o(.text)
    RADIO_IRQHandler                         0x000193db   Thumb Code     0  arm_startup_nrf52811.o(.text)
    RNG_IRQHandler                           0x000193db   Thumb Code     0  arm_startup_nrf52811.o(.text)
    RTC0_IRQHandler                          0x000193db   Thumb Code     0  arm_startup_nrf52811.o(.text)
    SAADC_IRQHandler                         0x000193db   Thumb Code     0  arm_startup_nrf52811.o(.text)
    SWI0_EGU0_IRQHandler                     0x000193db   Thumb Code     0  arm_startup_nrf52811.o(.text)
    SWI1_EGU1_IRQHandler                     0x000193db   Thumb Code     0  arm_startup_nrf52811.o(.text)
    SWI3_IRQHandler                          0x000193db   Thumb Code     0  arm_startup_nrf52811.o(.text)
    SWI4_IRQHandler                          0x000193db   Thumb Code     0  arm_startup_nrf52811.o(.text)
    SWI5_IRQHandler                          0x000193db   Thumb Code     0  arm_startup_nrf52811.o(.text)
    TEMP_IRQHandler                          0x000193db   Thumb Code     0  arm_startup_nrf52811.o(.text)
    TIMER0_IRQHandler                        0x000193db   Thumb Code     0  arm_startup_nrf52811.o(.text)
    TIMER1_IRQHandler                        0x000193db   Thumb Code     0  arm_startup_nrf52811.o(.text)
    TIMER2_IRQHandler                        0x000193db   Thumb Code     0  arm_startup_nrf52811.o(.text)
    TWIM0_TWIS0_TWI0_SPIM1_SPIS1_SPI1_IRQHandler 0x000193db   Thumb Code     0  arm_startup_nrf52811.o(.text)
    WDT_IRQHandler                           0x000193db   Thumb Code     0  arm_startup_nrf52811.o(.text)
    __rt_ctype_table                         0x000193e5   Thumb Code     4  ctype_o.o(.text)
    __aeabi_memcpy                           0x000193ed   Thumb Code    36  memcpya.o(.text)
    __aeabi_memcpy4                          0x000193ed   Thumb Code     0  memcpya.o(.text)
    __aeabi_memcpy8                          0x000193ed   Thumb Code     0  memcpya.o(.text)
    __aeabi_memset                           0x00019411   Thumb Code    14  memseta.o(.text)
    __aeabi_memset4                          0x00019411   Thumb Code     0  memseta.o(.text)
    __aeabi_memset8                          0x00019411   Thumb Code     0  memseta.o(.text)
    __aeabi_memclr                           0x0001941f   Thumb Code     4  memseta.o(.text)
    __aeabi_memclr4                          0x0001941f   Thumb Code     0  memseta.o(.text)
    __aeabi_memclr8                          0x0001941f   Thumb Code     0  memseta.o(.text)
    _memset$wrapper                          0x00019423   Thumb Code    18  memseta.o(.text)
    strlen                                   0x00019435   Thumb Code    14  strlen.o(.text)
    strcpy                                   0x00019443   Thumb Code    18  strcpy.o(.text)
    __scatterload                            0x00019455   Thumb Code    28  init.o(.text)
    __scatterload_rt2                        0x00019455   Thumb Code     0  init.o(.text)
    __decompress                             0x00019479   Thumb Code     0  __dczerorl2.o(.text)
    __decompress1                            0x00019479   Thumb Code    86  __dczerorl2.o(.text)
    EPD_W21_Init                             0x000194cf   Thumb Code    34  spitest.o(i.EPD_W21_Init)
    EPD_W21_WriteCMD                         0x000194f1   Thumb Code    36  spitest.o(i.EPD_W21_WriteCMD)
    EPD_W21_WriteDATA                        0x00019515   Thumb Code    20  spitest.o(i.EPD_W21_WriteDATA)
    EPD_init                                 0x00019529   Thumb Code   270  spitest.o(i.EPD_init)
    EPD_refresh                              0x0001965d   Thumb Code    28  spitest.o(i.EPD_refresh)
    EPD_sleep                                0x00019679   Thumb Code    18  spitest.o(i.EPD_sleep)
    GPIOTE_IRQHandler                        0x0001968d   Thumb Code   154  nrfx_gpiote.o(i.GPIOTE_IRQHandler)
    PIC_display                              0x00019731   Thumb Code    64  spitest.o(i.PIC_display)
    PIC_display_Clean                        0x00019771   Thumb Code    48  spitest.o(i.PIC_display_Clean)
    POWER_CLOCK_IRQHandler                   0x000197a1   Thumb Code    74  nrfx_clock.o(i.POWER_CLOCK_IRQHandler)
    RTC1_IRQHandler                          0x000197f1   Thumb Code    12  drv_rtc.o(i.RTC1_IRQHandler)
    SEGGER_RTT_Init                          0x00019801   Thumb Code     4  segger_rtt.o(i.SEGGER_RTT_Init)
    SEGGER_RTT_WriteNoLock                   0x00019805   Thumb Code    86  segger_rtt.o(i.SEGGER_RTT_WriteNoLock)
    SPIM0_SPIS0_SPI0_IRQHandler              0x00019861   Thumb Code    78  nrfx_spim.o(i.SPIM0_SPIS0_SPI0_IRQHandler)
    SWI2_IRQHandler                          0x000198b5   Thumb Code     4  nrf_sdh.o(i.SWI2_IRQHandler)
    SpiAD7799_transfer                       0x000198b9   Thumb Code    34  spitest.o(i.SpiAD7799_transfer)
    SystemInit                               0x000198e5   Thumb Code   444  system_nrf52.o(i.SystemInit)
    UARTE0_UART0_IRQHandler                  0x00019ad1   Thumb Code     6  nrfx_prs.o(i.UARTE0_UART0_IRQHandler)
    __0printf$bare                           0x00019bf9   Thumb Code     8  printfb.o(i.__0printf$bare)
    __1printf$bare                           0x00019bf9   Thumb Code     0  printfb.o(i.__0printf$bare)
    __2printf                                0x00019bf9   Thumb Code     0  printfb.o(i.__0printf$bare)
    __scatterload_copy                       0x00019c2d   Thumb Code    14  handlers.o(i.__scatterload_copy)
    __scatterload_null                       0x00019c3b   Thumb Code     2  handlers.o(i.__scatterload_null)
    __scatterload_zeroinit                   0x00019c3d   Thumb Code    14  handlers.o(i.__scatterload_zeroinit)
    app_error_fault_handler                  0x00019cd1   Thumb Code    86  app_error_weak.o(i.app_error_fault_handler)
    app_error_handler_bare                   0x00019d55   Thumb Code    22  app_error.o(i.app_error_handler_bare)
    app_fifo_get                             0x00019d6b   Thumb Code    22  app_fifo.o(i.app_fifo_get)
    app_fifo_init                            0x00019d81   Thumb Code    32  app_fifo.o(i.app_fifo_init)
    app_fifo_put                             0x00019da1   Thumb Code    26  app_fifo.o(i.app_fifo_put)
    app_timer_cnt_get                        0x00019dbd   Thumb Code     6  app_timer2.o(i.app_timer_cnt_get)
    app_timer_create                         0x00019dc9   Thumb Code    32  app_timer2.o(i.app_timer_create)
    app_timer_init                           0x00019de9   Thumb Code    70  app_timer2.o(i.app_timer_init)
    app_timer_start                          0x00019e45   Thumb Code    84  app_timer2.o(i.app_timer_start)
    app_timer_stop                           0x00019e99   Thumb Code    68  app_timer2.o(i.app_timer_stop)
    app_uart_get                             0x00019edd   Thumb Code    42  app_uart_fifo.o(i.app_uart_get)
    app_uart_init                            0x00019f11   Thumb Code   148  app_uart_fifo.o(i.app_uart_init)
    app_uart_put                             0x00019fb5   Thumb Code    70  app_uart_fifo.o(i.app_uart_put)
    app_util_critical_region_enter           0x0001a009   Thumb Code    64  app_util_platform.o(i.app_util_critical_region_enter)
    app_util_critical_region_exit            0x0001a051   Thumb Code    46  app_util_platform.o(i.app_util_critical_region_exit)
    blcm_link_ctx_get                        0x0001a195   Thumb Code    72  ble_link_ctx_manager.o(i.blcm_link_ctx_get)
    ble_advdata_encode                       0x0001a1dd   Thumb Code   386  ble_advdata.o(i.ble_advdata_encode)
    ble_advdata_parse                        0x0001a35f   Thumb Code    32  ble_advdata.o(i.ble_advdata_parse)
    ble_advdata_search                       0x0001a37f   Thumb Code    70  ble_advdata.o(i.ble_advdata_search)
    ble_advertising_conn_cfg_tag_set         0x0001a3c5   Thumb Code     6  ble_advertising.o(i.ble_advertising_conn_cfg_tag_set)
    ble_advertising_init                     0x0001a3cb   Thumb Code   248  ble_advertising.o(i.ble_advertising_init)
    ble_advertising_on_ble_evt               0x0001a4c3   Thumb Code   106  ble_advertising.o(i.ble_advertising_on_ble_evt)
    ble_advertising_restart_without_whitelist 0x0001a52d   Thumb Code    58  ble_advertising.o(i.ble_advertising_restart_without_whitelist)
    ble_advertising_start                    0x0001a567   Thumb Code   514  ble_advertising.o(i.ble_advertising_start)
    ble_conn_params_init                     0x0001a769   Thumb Code    90  ble_conn_params.o(i.ble_conn_params_init)
    ble_conn_state_conn_idx                  0x0001a7d1   Thumb Code    18  ble_conn_state.o(i.ble_conn_state_conn_idx)
    ble_conn_state_valid                     0x0001a7e5   Thumb Code    16  ble_conn_state.o(i.ble_conn_state_valid)
    ble_nus_data_send                        0x0001aba9   Thumb Code   102  ble_nus.o(i.ble_nus_data_send)
    ble_nus_init                             0x0001ac11   Thumb Code   206  ble_nus.o(i.ble_nus_init)
    ble_nus_on_ble_evt                       0x0001ace5   Thumb Code   118  ble_nus.o(i.ble_nus_on_ble_evt)
    ble_srv_is_notification_enabled          0x0001ad5b   Thumb Code     8  ble_srv_common.o(i.ble_srv_is_notification_enabled)
    bsp_btn_ble_init                         0x0001ad65   Thumb Code    20  bsp_btn_ble.o(i.bsp_btn_ble_init)
    bsp_btn_ble_sleep_mode_prepare           0x0001ad7d   Thumb Code    30  bsp_btn_ble.o(i.bsp_btn_ble_sleep_mode_prepare)
    bsp_event_handler                        0x0001ad9d   Thumb Code    66  main.o(i.bsp_event_handler)
    bsp_event_to_button_action_assign        0x0001ade9   Thumb Code     4  bsp.o(i.bsp_event_to_button_action_assign)
    bsp_indication_set                       0x0001aded   Thumb Code     4  bsp.o(i.bsp_indication_set)
    bsp_init                                 0x0001adf1   Thumb Code     4  bsp.o(i.bsp_init)
    bsp_wakeup_button_enable                 0x0001adf5   Thumb Code     4  bsp.o(i.bsp_wakeup_button_enable)
    buffer_is_empty                          0x0001aebd   Thumb Code    18  nrf_log_frontend.o(i.buffer_is_empty)
    characteristic_add                       0x0001aee5   Thumb Code   400  ble_srv_common.o(i.characteristic_add)
    conn_handle_list_get                     0x0001b0d1   Thumb Code    62  ble_conn_state.o(i.conn_handle_list_get)
    drv_rtc_compare_disable                  0x0001b1f9   Thumb Code    20  drv_rtc.o(i.drv_rtc_compare_disable)
    drv_rtc_compare_pending                  0x0001b20d   Thumb Code    14  drv_rtc.o(i.drv_rtc_compare_pending)
    drv_rtc_compare_set                      0x0001b21b   Thumb Code    80  drv_rtc.o(i.drv_rtc_compare_set)
    drv_rtc_counter_get                      0x0001b26b   Thumb Code     8  drv_rtc.o(i.drv_rtc_counter_get)
    drv_rtc_init                             0x0001b275   Thumb Code   148  drv_rtc.o(i.drv_rtc_init)
    drv_rtc_irq_trigger                      0x0001b34d   Thumb Code    30  drv_rtc.o(i.drv_rtc_irq_trigger)
    drv_rtc_overflow_enable                  0x0001b36b   Thumb Code     8  drv_rtc.o(i.drv_rtc_overflow_enable)
    drv_rtc_overflow_pending                 0x0001b373   Thumb Code     8  drv_rtc.o(i.drv_rtc_overflow_pending)
    drv_rtc_start                            0x0001b37b   Thumb Code     8  drv_rtc.o(i.drv_rtc_start)
    drv_rtc_stop                             0x0001b383   Thumb Code     8  drv_rtc.o(i.drv_rtc_stop)
    drv_rtc_windowed_compare_set             0x0001b38b   Thumb Code   222  drv_rtc.o(i.drv_rtc_windowed_compare_set)
    epdtest                                  0x0001b469   Thumb Code   134  spitest.o(i.epdtest)
    fputc                                    0x0001b587   Thumb Code    14  retarget.o(i.fputc)
    gatt_evt_handler                         0x0001b595   Thumb Code    52  main.o(i.gatt_evt_handler)
    gatt_init                                0x0001b5f1   Thumb Code    38  main.o(i.gatt_init)
    lcd_chkstatus                            0x0001b811   Thumb Code    40  spitest.o(i.lcd_chkstatus)
    log_pending_hook                         0x0001b869   Thumb Code     2  nrf_log_frontend.o(i.log_pending_hook)
    main                                     0x0001b911   Thumb Code   546  main.o(i.main)
    nrf_atfifo_init                          0x0001bd73   Thumb Code    38  nrf_atfifo.o(i.nrf_atfifo_init)
    nrf_atfifo_item_alloc                    0x0001bd99   Thumb Code    22  nrf_atfifo.o(i.nrf_atfifo_item_alloc)
    nrf_atfifo_item_free                     0x0001bdaf   Thumb Code    22  nrf_atfifo.o(i.nrf_atfifo_item_free)
    nrf_atfifo_item_get                      0x0001bdc5   Thumb Code    22  nrf_atfifo.o(i.nrf_atfifo_item_get)
    nrf_atfifo_item_put                      0x0001bddb   Thumb Code    22  nrf_atfifo.o(i.nrf_atfifo_item_put)
    nrf_atflags_clear                        0x0001bdf1   Thumb Code    22  nrf_atflags.o(i.nrf_atflags_clear)
    nrf_atflags_get                          0x0001be07   Thumb Code    22  nrf_atflags.o(i.nrf_atflags_get)
    nrf_atflags_set                          0x0001be1d   Thumb Code    20  nrf_atflags.o(i.nrf_atflags_set)
    nrf_atomic_flag_clear_fetch              0x0001be31   Thumb Code     6  nrf_atomic.o(i.nrf_atomic_flag_clear_fetch)
    nrf_atomic_flag_set                      0x0001be37   Thumb Code     6  nrf_atomic.o(i.nrf_atomic_flag_set)
    nrf_atomic_u32_add                       0x0001be3d   Thumb Code    12  nrf_atomic.o(i.nrf_atomic_u32_add)
    nrf_atomic_u32_and                       0x0001be49   Thumb Code    12  nrf_atomic.o(i.nrf_atomic_u32_and)
    nrf_atomic_u32_fetch_and                 0x0001be55   Thumb Code    10  nrf_atomic.o(i.nrf_atomic_u32_fetch_and)
    nrf_atomic_u32_fetch_store               0x0001be5f   Thumb Code    10  nrf_atomic.o(i.nrf_atomic_u32_fetch_store)
    nrf_atomic_u32_or                        0x0001be69   Thumb Code    12  nrf_atomic.o(i.nrf_atomic_u32_or)
    nrf_atomic_u32_sub                       0x0001be75   Thumb Code    12  nrf_atomic.o(i.nrf_atomic_u32_sub)
    nrf_balloc_alloc                         0x0001be81   Thumb Code    68  nrf_balloc.o(i.nrf_balloc_alloc)
    nrf_balloc_free                          0x0001bec5   Thumb Code    48  nrf_balloc.o(i.nrf_balloc_free)
    nrf_balloc_init                          0x0001bef5   Thumb Code    48  nrf_balloc.o(i.nrf_balloc_init)
    nrf_ble_gatt_att_mtu_periph_set          0x0001bf35   Thumb Code    24  nrf_ble_gatt.o(i.nrf_ble_gatt_att_mtu_periph_set)
    nrf_ble_gatt_init                        0x0001bf4d   Thumb Code    34  nrf_ble_gatt.o(i.nrf_ble_gatt_init)
    nrf_ble_gatt_on_ble_evt                  0x0001bf71   Thumb Code   180  nrf_ble_gatt.o(i.nrf_ble_gatt_on_ble_evt)
    nrf_ble_qwr_conn_handle_assign           0x0001c065   Thumb Code    22  nrf_ble_qwr.o(i.nrf_ble_qwr_conn_handle_assign)
    nrf_ble_qwr_init                         0x0001c07b   Thumb Code    36  nrf_ble_qwr.o(i.nrf_ble_qwr_init)
    nrf_ble_qwr_on_ble_evt                   0x0001c09f   Thumb Code   182  nrf_ble_qwr.o(i.nrf_ble_qwr_on_ble_evt)
    nrf_drv_clock_init                       0x0001c1b5   Thumb Code    56  nrf_drv_clock.o(i.nrf_drv_clock_init)
    nrf_drv_clock_lfclk_release              0x0001c1f5   Thumb Code    48  nrf_drv_clock.o(i.nrf_drv_clock_lfclk_release)
    nrf_drv_spi_init                         0x0001c229   Thumb Code    98  nrf_drv_spi.o(i.nrf_drv_spi_init)
    nrf_drv_uart_init                        0x0001c299   Thumb Code    90  nrf_drv_uart.o(i.nrf_drv_uart_init)
    nrf_fprintf                              0x0001c341   Thumb Code    26  nrf_fprintf.o(i.nrf_fprintf)
    nrf_fprintf_buffer_flush                 0x0001c35b   Thumb Code    24  nrf_fprintf.o(i.nrf_fprintf_buffer_flush)
    nrf_fprintf_fmt                          0x0001c373   Thumb Code   474  nrf_fprintf_format.o(i.nrf_fprintf_fmt)
    nrf_log_backend_add                      0x0001c70d   Thumb Code    86  nrf_log_frontend.o(i.nrf_log_backend_add)
    nrf_log_backend_rtt_init                 0x0001c76b   Thumb Code     4  nrf_log_backend_rtt.o(i.nrf_log_backend_rtt_init)
    nrf_log_backend_serial_put               0x0001c789   Thumb Code   200  nrf_log_backend_serial.o(i.nrf_log_backend_serial_put)
    nrf_log_color_id_get                     0x0001c851   Thumb Code    42  nrf_log_frontend.o(i.nrf_log_color_id_get)
    nrf_log_default_backends_init            0x0001c881   Thumb Code    24  nrf_log_default_backends.o(i.nrf_log_default_backends_init)
    nrf_log_frontend_dequeue                 0x0001c89d   Thumb Code   528  nrf_log_frontend.o(i.nrf_log_frontend_dequeue)
    nrf_log_frontend_std_0                   0x0001cad5   Thumb Code     8  nrf_log_frontend.o(i.nrf_log_frontend_std_0)
    nrf_log_frontend_std_1                   0x0001cadd   Thumb Code    14  nrf_log_frontend.o(i.nrf_log_frontend_std_1)
    nrf_log_frontend_std_2                   0x0001caeb   Thumb Code    16  nrf_log_frontend.o(i.nrf_log_frontend_std_2)
    nrf_log_hexdump_entry_process            0x0001cafd   Thumb Code   150  nrf_log_str_formatter.o(i.nrf_log_hexdump_entry_process)
    nrf_log_init                             0x0001cbad   Thumb Code    28  nrf_log_frontend.o(i.nrf_log_init)
    nrf_log_module_cnt_get                   0x0001cbd5   Thumb Code    10  nrf_log_frontend.o(i.nrf_log_module_cnt_get)
    nrf_log_module_name_get                  0x0001cbe9   Thumb Code    24  nrf_log_frontend.o(i.nrf_log_module_name_get)
    nrf_log_panic                            0x0001cc05   Thumb Code    36  nrf_log_frontend.o(i.nrf_log_panic)
    nrf_log_std_entry_process                0x0001cc2d   Thumb Code   182  nrf_log_str_formatter.o(i.nrf_log_std_entry_process)
    nrf_memobj_alloc                         0x0001cce3   Thumb Code    96  nrf_memobj.o(i.nrf_memobj_alloc)
    nrf_memobj_free                          0x0001cd43   Thumb Code    50  nrf_memobj.o(i.nrf_memobj_free)
    nrf_memobj_get                           0x0001cd75   Thumb Code     8  nrf_memobj.o(i.nrf_memobj_get)
    nrf_memobj_pool_init                     0x0001cd7d   Thumb Code     4  nrf_memobj.o(i.nrf_memobj_pool_init)
    nrf_memobj_put                           0x0001cd81   Thumb Code    30  nrf_memobj.o(i.nrf_memobj_put)
    nrf_memobj_read                          0x0001cd9f   Thumb Code    16  nrf_memobj.o(i.nrf_memobj_read)
    nrf_memobj_write                         0x0001cdaf   Thumb Code    16  nrf_memobj.o(i.nrf_memobj_write)
    nrf_pwr_mgmt_init                        0x0001cdc1   Thumb Code    28  nrf_pwr_mgmt.o(i.nrf_pwr_mgmt_init)
    nrf_pwr_mgmt_run                         0x0001cde9   Thumb Code    20  nrf_pwr_mgmt.o(i.nrf_pwr_mgmt_run)
    nrf_ringbuf_init                         0x0001ce01   Thumb Code    28  nrf_ringbuf.o(i.nrf_ringbuf_init)
    nrf_sdh_ble_app_ram_start_get            0x0001ce29   Thumb Code    16  nrf_sdh_ble.o(i.nrf_sdh_ble_app_ram_start_get)
    nrf_sdh_ble_default_cfg_set              0x0001ce3d   Thumb Code   264  nrf_sdh_ble.o(i.nrf_sdh_ble_default_cfg_set)
    nrf_sdh_ble_enable                       0x0001cf65   Thumb Code   116  nrf_sdh_ble.o(i.nrf_sdh_ble_enable)
    nrf_sdh_enable_request                   0x0001d0f5   Thumb Code   102  nrf_sdh.o(i.nrf_sdh_enable_request)
    nrf_sdh_evts_poll                        0x0001d169   Thumb Code    32  nrf_sdh.o(i.nrf_sdh_evts_poll)
    nrf_sdh_is_enabled                       0x0001d18d   Thumb Code     6  nrf_sdh.o(i.nrf_sdh_is_enabled)
    nrf_section_iter_init                    0x0001d1d5   Thumb Code    10  nrf_section_iter.o(i.nrf_section_iter_init)
    nrf_section_iter_next                    0x0001d203   Thumb Code    32  nrf_section_iter.o(i.nrf_section_iter_next)
    nrf_sortlist_add                         0x0001d223   Thumb Code    34  nrf_sortlist.o(i.nrf_sortlist_add)
    nrf_sortlist_peek                        0x0001d245   Thumb Code     6  nrf_sortlist.o(i.nrf_sortlist_peek)
    nrf_sortlist_pop                         0x0001d24b   Thumb Code    14  nrf_sortlist.o(i.nrf_sortlist_pop)
    nrf_sortlist_remove                      0x0001d259   Thumb Code    30  nrf_sortlist.o(i.nrf_sortlist_remove)
    nrf_strerror_find                        0x0001d281   Thumb Code    52  nrf_strerror.o(i.nrf_strerror_find)
    nrf_strerror_get                         0x0001d2b9   Thumb Code    14  nrf_strerror.o(i.nrf_strerror_get)
    nrfx_clock_enable                        0x0001d315   Thumb Code    34  nrfx_clock.o(i.nrfx_clock_enable)
    nrfx_clock_init                          0x0001d341   Thumb Code    22  nrfx_clock.o(i.nrfx_clock_init)
    nrfx_clock_lfclk_stop                    0x0001d35d   Thumb Code    38  nrfx_clock.o(i.nrfx_clock_lfclk_stop)
    nrfx_prs_acquire                         0x0001d3bd   Thumb Code    58  nrfx_prs.o(i.nrfx_prs_acquire)
    nrfx_spim_init                           0x0001d3f9   Thumb Code   356  nrfx_spim.o(i.nrfx_spim_init)
    nrfx_spim_xfer                           0x0001d565   Thumb Code    94  nrfx_spim.o(i.nrfx_spim_xfer)
    nrfx_uart_0_irq_handler                  0x0001d5c9   Thumb Code     8  nrfx_uart.o(i.nrfx_uart_0_irq_handler)
    nrfx_uart_init                           0x0001d5d9   Thumb Code   200  nrfx_uart.o(i.nrfx_uart_init)
    nrfx_uart_rx                             0x0001d6ad   Thumb Code   230  nrfx_uart.o(i.nrfx_uart_rx)
    nrfx_uart_tx                             0x0001d799   Thumb Code   162  nrfx_uart.o(i.nrfx_uart_tx)
    nrfx_uart_tx_in_progress                 0x0001d841   Thumb Code    26  nrfx_uart.o(i.nrfx_uart_tx_in_progress)
    nrfx_uarte_0_irq_handler                 0x0001d861   Thumb Code     8  nrfx_uarte.o(i.nrfx_uarte_0_irq_handler)
    nrfx_uarte_init                          0x0001d871   Thumb Code   100  nrfx_uarte.o(i.nrfx_uarte_init)
    nrfx_uarte_rx                            0x0001d8dd   Thumb Code   256  nrfx_uarte.o(i.nrfx_uarte_rx)
    nrfx_uarte_tx                            0x0001d9e1   Thumb Code   166  nrfx_uarte.o(i.nrfx_uarte_tx)
    nrfx_uarte_tx_in_progress                0x0001da8d   Thumb Code    22  nrfx_uarte.o(i.nrfx_uarte_tx_in_progress)
    nvmc_config                              0x0001db41   Thumb Code    14  system_nrf52.o(i.nvmc_config)
    spi_event_handler                        0x0001e3cd   Thumb Code     8  spitest.o(i.spi_event_handler)
    spi_init                                 0x0001e3d9   Thumb Code    74  spitest.o(i.spi_init)
    uart_event_handle                        0x0001e75d   Thumb Code   118  main.o(i.uart_event_handle)
    gImage_black1                            0x0001eda6   Data       15000  spitest.o(.constdata)
    gImage_red1                              0x0002283e   Data       15000  spitest.o(.constdata)
    nrf_log_backend_rtt_api                  0x000264e8   Data          12  nrf_log_backend_rtt.o(.constdata)
    m_ram_start                              0x0002658c   Data           4  nrf_sdh_ble.o(.constdata)
    __ctype_table                            0x000265b8   Data         129  ctype_o.o(.constdata)
    Region$$Table$$Base                      0x00026d14   Number         0  anon$$obj.o(Region$$Table)
    Region$$Table$$Limit                     0x00026d34   Number         0  anon$$obj.o(Region$$Table)
    log_const_data$$Base                     0x00026d44   Number         0  nrf_ble_gatt.o(log_const_data)
    m_nrf_log_nrf_ble_gatt_logs_data_const   0x00026d44   Data           8  nrf_ble_gatt.o(log_const_data)
    m_nrf_log_ble_nus_logs_data_const        0x00026d4c   Data           8  ble_nus.o(log_const_data)
    m_nrf_log_clock_logs_data_const          0x00026d54   Data           8  nrf_drv_clock.o(log_const_data)
    m_nrf_log_CLOCK_logs_data_const          0x00026d5c   Data           8  nrfx_clock.o(log_const_data)
    m_nrf_log_GPIOTE_logs_data_const         0x00026d64   Data           8  nrfx_gpiote.o(log_const_data)
    m_nrf_log_PRS_logs_data_const            0x00026d6c   Data           8  nrfx_prs.o(log_const_data)
    m_nrf_log_UART_logs_data_const           0x00026d74   Data           8  nrfx_uart.o(log_const_data)
    m_nrf_log_UARTE_logs_data_const          0x00026d7c   Data           8  nrfx_uarte.o(log_const_data)
    m_nrf_log_SPIM_logs_data_const           0x00026d84   Data           8  nrfx_spim.o(log_const_data)
    m_nrf_log_app_button_logs_data_const     0x00026d8c   Data           8  app_button.o(log_const_data)
    m_nrf_log_app_timer_logs_data_const      0x00026d94   Data           8  app_timer2.o(log_const_data)
    m_nrf_log_pwr_mgmt_logs_data_const       0x00026d9c   Data           8  nrf_pwr_mgmt.o(log_const_data)
    m_nrf_log_sortlist_logs_data_const       0x00026da4   Data           8  nrf_sortlist.o(log_const_data)
    m_nrf_log_app_logs_data_const            0x00026dac   Data           8  nrf_log_frontend.o(log_const_data)
    m_nrf_log_nrf_sdh_logs_data_const        0x00026db4   Data           8  nrf_sdh.o(log_const_data)
    m_nrf_log_nrf_sdh_ble_logs_data_const    0x00026dbc   Data           8  nrf_sdh_ble.o(log_const_data)
    m_nrf_log_nrf_sdh_soc_logs_data_const    0x00026dc4   Data           8  nrf_sdh_soc.o(log_const_data)
    log_const_data$$Limit                    0x00026dcc   Number         0  nrf_sdh_soc.o(log_const_data)
    log_mempool                              0x00026dcc   Data          20  nrf_log_frontend.o(nrf_balloc)
    sdh_ble_observers0$$Base                 0x00026de0   Number         0  ble_conn_state.o(sdh_ble_observers0)
    sdh_ble_observers0$$Limit                0x00026de8   Number         0  ble_conn_state.o(sdh_ble_observers0)
    sdh_ble_observers1$$Base                 0x00026de8   Number         0  main.o(sdh_ble_observers1)
    sdh_ble_observers1$$Limit                0x00026e08   Number         0  ble_conn_params.o(sdh_ble_observers1)
    sdh_ble_observers2$$Base                 0x00026e08   Number         0  main.o(sdh_ble_observers2)
    sdh_ble_observers2$$Limit                0x00026e18   Number         0  main.o(sdh_ble_observers2)
    sdh_ble_observers3$$Base                 0x00026e18   Number         0  main.o(sdh_ble_observers3)
    sdh_ble_observers3$$Limit                0x00026e20   Number         0  main.o(sdh_ble_observers3)
    sdh_soc_observers0$$Base                 0x00026e20   Number         0  nrf_drv_clock.o(sdh_soc_observers0)
    sdh_soc_observers0$$Limit                0x00026e28   Number         0  nrf_drv_clock.o(sdh_soc_observers0)
    sdh_stack_observers0$$Base               0x00026e28   Number         0  nrf_sdh_ble.o(sdh_stack_observers0)
    sdh_stack_observers0$$Limit              0x00026e38   Number         0  nrf_sdh_soc.o(sdh_stack_observers0)
    sdh_state_observers0$$Base               0x00026e38   Number         0  nrf_drv_clock.o(sdh_state_observers0)
    sdh_state_observers0$$Limit              0x00026e40   Number         0  nrf_drv_clock.o(sdh_state_observers0)
    Image$$RW_IRAM1$$Base                    0x200022c8   Number         0  anon$$obj.o ABSOLUTE
    nrf_drv_uart_use_easy_dma                0x2000230c   Data           1  nrf_drv_uart.o(.data)
    __stdout                                 0x2000238c   Data           4  retarget.o(.data)
    SystemCoreClock                          0x200023f4   Data           4  system_nrf52.o(.data)
    nrf_nvic_state                           0x20002948   Data          12  app_util_platform.o(.bss)
    _SEGGER_RTT                              0x20002f18   Data         120  segger_rtt.o(.bss)
    __initial_sp                             0x200039a0   Data           0  arm_startup_nrf52811.o(STACK)



==============================================================================

Memory Map of the image

  Image Entry point : 0x00019201

  Load Region LR_IROM1 (Base: 0x00019000, Size: 0x0000df70, Max: 0x00017000, ABSOLUTE, COMPRESSED[0x0000de98])

    Execution Region ER_IROM1 (Base: 0x00019000, Size: 0x0000de40, Max: 0x00017000, ABSOLUTE)

    Base Addr    Size         Type   Attr      Idx    E Section Name        Object

    0x00019000   0x00000200   Data   RO         5435    RESET               arm_startup_nrf52811.o
    0x00019200   0x00000000   Code   RO         5512  * .ARM.Collect$$$$00000000  mc_w.l(entry.o)
    0x00019200   0x00000004   Code   RO         5817    .ARM.Collect$$$$00000001  mc_w.l(entry2.o)
    0x00019204   0x00000004   Code   RO         5820    .ARM.Collect$$$$00000004  mc_w.l(entry5.o)
    0x00019208   0x00000000   Code   RO         5822    .ARM.Collect$$$$00000008  mc_w.l(entry7b.o)
    0x00019208   0x00000000   Code   RO         5824    .ARM.Collect$$$$0000000A  mc_w.l(entry8b.o)
    0x00019208   0x00000008   Code   RO         5825    .ARM.Collect$$$$0000000B  mc_w.l(entry9a.o)
    0x00019210   0x00000000   Code   RO         5827    .ARM.Collect$$$$0000000D  mc_w.l(entry10a.o)
    0x00019210   0x00000000   Code   RO         5829    .ARM.Collect$$$$0000000F  mc_w.l(entry11a.o)
    0x00019210   0x00000004   Code   RO         5818    .ARM.Collect$$$$00002712  mc_w.l(entry2.o)
    0x00019214   0x000000c8   Code   RO         3824    .emb_text           nrf_atfifo.o
    0x000192dc   0x000000e2   Code   RO         3960    .emb_text           nrf_atomic.o
    0x000193be   0x00000002   PAD
    0x000193c0   0x00000024   Code   RO         5436    .text               arm_startup_nrf52811.o
    0x000193e4   0x00000008   Code   RO         5517    .text               mc_w.l(ctype_o.o)
    0x000193ec   0x00000024   Code   RO         5545    .text               mc_w.l(memcpya.o)
    0x00019410   0x00000024   Code   RO         5547    .text               mc_w.l(memseta.o)
    0x00019434   0x0000000e   Code   RO         5549    .text               mc_w.l(strlen.o)
    0x00019442   0x00000012   Code   RO         5553    .text               mc_w.l(strcpy.o)
    0x00019454   0x00000024   Code   RO         5846    .text               mc_w.l(init.o)
    0x00019478   0x00000056   Code   RO         5862    .text               mc_w.l(__dczerorl2.o)
    0x000194ce   0x00000022   Code   RO          428    i.EPD_W21_Init      spitest.o
    0x000194f0   0x00000024   Code   RO          429    i.EPD_W21_WriteCMD  spitest.o
    0x00019514   0x00000014   Code   RO          430    i.EPD_W21_WriteDATA  spitest.o
    0x00019528   0x00000134   Code   RO          431    i.EPD_init          spitest.o
    0x0001965c   0x0000001c   Code   RO          432    i.EPD_refresh       spitest.o
    0x00019678   0x00000012   Code   RO          433    i.EPD_sleep         spitest.o
    0x0001968a   0x00000002   PAD
    0x0001968c   0x000000a4   Code   RO         2098    i.GPIOTE_IRQHandler  nrfx_gpiote.o
    0x00019730   0x00000040   Code   RO          434    i.PIC_display       spitest.o
    0x00019770   0x00000030   Code   RO          435    i.PIC_display_Clean  spitest.o
    0x000197a0   0x00000050   Code   RO         1959    i.POWER_CLOCK_IRQHandler  nrfx_clock.o
    0x000197f0   0x00000010   Code   RO         3610    i.RTC1_IRQHandler   drv_rtc.o
    0x00019800   0x00000004   Code   RO         4975    i.SEGGER_RTT_Init   segger_rtt.o
    0x00019804   0x0000005c   Code   RO         4989    i.SEGGER_RTT_WriteNoLock  segger_rtt.o
    0x00019860   0x00000054   Code   RO         2870    i.SPIM0_SPIS0_SPI0_IRQHandler  nrfx_spim.o
    0x000198b4   0x00000004   Code   RO         5226    i.SWI2_IRQHandler   nrf_sdh.o
    0x000198b8   0x0000002c   Code   RO          436    i.SpiAD7799_transfer  spitest.o
    0x000198e4   0x000001ec   Code   RO         5444    i.SystemInit        system_nrf52.o
    0x00019ad0   0x0000000c   Code   RO         2403    i.UARTE0_UART0_IRQHandler  nrfx_prs.o
    0x00019adc   0x00000068   Code   RO         4993    i._DoInit           segger_rtt.o
    0x00019b44   0x00000016   Code   RO         4994    i._GetAvailWriteSpace  segger_rtt.o
    0x00019b5a   0x0000005a   Code   RO         4996    i._WriteBlocking    segger_rtt.o
    0x00019bb4   0x00000042   Code   RO         4997    i._WriteNoCheck     segger_rtt.o
    0x00019bf6   0x00000002   PAD
    0x00019bf8   0x00000010   Code   RO         5558    i.__0printf$bare    mc_w.l(printfb.o)
    0x00019c08   0x00000024   Code   RO         5445    i.__NVIC_SystemReset  system_nrf52.o
    0x00019c2c   0x0000000e   Code   RO         5856    i.__scatterload_copy  mc_w.l(handlers.o)
    0x00019c3a   0x00000002   Code   RO         5857    i.__scatterload_null  mc_w.l(handlers.o)
    0x00019c3c   0x0000000e   Code   RO         5858    i.__scatterload_zeroinit  mc_w.l(handlers.o)
    0x00019c4a   0x00000002   PAD
    0x00019c4c   0x00000024   Code   RO         5227    i.__sd_nvic_app_accessible_irq  nrf_sdh.o
    0x00019c70   0x00000022   Code   RO         5565    i._printf_core      mc_w.l(printfb.o)
    0x00019c92   0x00000008   Code   RO          978    i.adv_set_data_size_max_get  ble_advertising.o
    0x00019c9a   0x00000036   Code   RO          735    i.advertising_buttons_configure  bsp_btn_ble.o
    0x00019cd0   0x00000084   Code   RO         3146    i.app_error_fault_handler  app_error_weak.o
    0x00019d54   0x00000016   Code   RO         3086    i.app_error_handler_bare  app_error.o
    0x00019d6a   0x00000016   Code   RO         3197    i.app_fifo_get      app_fifo.o
    0x00019d80   0x00000020   Code   RO         3198    i.app_fifo_init     app_fifo.o
    0x00019da0   0x0000001a   Code   RO         3200    i.app_fifo_put      app_fifo.o
    0x00019dba   0x00000002   PAD
    0x00019dbc   0x0000000c   Code   RO         3321    i.app_timer_cnt_get  app_timer2.o
    0x00019dc8   0x00000020   Code   RO         3322    i.app_timer_create  app_timer2.o
    0x00019de8   0x0000005c   Code   RO         3323    i.app_timer_init    app_timer2.o
    0x00019e44   0x00000054   Code   RO         3326    i.app_timer_start   app_timer2.o
    0x00019e98   0x00000044   Code   RO         3327    i.app_timer_stop    app_timer2.o
    0x00019edc   0x00000034   Code   RO         3464    i.app_uart_get      app_uart_fifo.o
    0x00019f10   0x000000a4   Code   RO         3465    i.app_uart_init     app_uart_fifo.o
    0x00019fb4   0x00000054   Code   RO         3466    i.app_uart_put      app_uart_fifo.o
    0x0001a008   0x00000048   Code   RO         3542    i.app_util_critical_region_enter  app_util_platform.o
    0x0001a050   0x00000034   Code   RO         3543    i.app_util_critical_region_exit  app_util_platform.o
    0x0001a084   0x00000088   Code   RO         2457    i.apply_config      nrfx_uart.o
    0x0001a10c   0x00000088   Code   RO         2645    i.apply_config      nrfx_uarte.o
    0x0001a194   0x00000048   Code   RO         1342    i.blcm_link_ctx_get  ble_link_ctx_manager.o
    0x0001a1dc   0x00000182   Code   RO          869    i.ble_advdata_encode  ble_advdata.o
    0x0001a35e   0x00000020   Code   RO          871    i.ble_advdata_parse  ble_advdata.o
    0x0001a37e   0x00000046   Code   RO          872    i.ble_advdata_search  ble_advdata.o
    0x0001a3c4   0x00000006   Code   RO          980    i.ble_advertising_conn_cfg_tag_set  ble_advertising.o
    0x0001a3ca   0x000000f8   Code   RO          981    i.ble_advertising_init  ble_advertising.o
    0x0001a4c2   0x0000006a   Code   RO          983    i.ble_advertising_on_ble_evt  ble_advertising.o
    0x0001a52c   0x0000003a   Code   RO          985    i.ble_advertising_restart_without_whitelist  ble_advertising.o
    0x0001a566   0x00000202   Code   RO          986    i.ble_advertising_start  ble_advertising.o
    0x0001a768   0x00000068   Code   RO         1090    i.ble_conn_params_init  ble_conn_params.o
    0x0001a7d0   0x00000012   Code   RO         1174    i.ble_conn_state_conn_idx  ble_conn_state.o
    0x0001a7e2   0x00000002   PAD
    0x0001a7e4   0x00000014   Code   RO         1188    i.ble_conn_state_valid  ble_conn_state.o
    0x0001a7f8   0x00000060   Code   RO          875    i.ble_device_addr_encode  ble_advdata.o
    0x0001a858   0x000000dc   Code   RO            5    i.ble_evt_handler   main.o
    0x0001a934   0x00000070   Code   RO          736    i.ble_evt_handler   bsp_btn_ble.o
    0x0001a9a4   0x000000fc   Code   RO         1092    i.ble_evt_handler   ble_conn_params.o
    0x0001aaa0   0x00000108   Code   RO         1189    i.ble_evt_handler   ble_conn_state.o
    0x0001aba8   0x00000066   Code   RO         1547    i.ble_nus_data_send  ble_nus.o
    0x0001ac0e   0x00000002   PAD
    0x0001ac10   0x000000d4   Code   RO         1548    i.ble_nus_init      ble_nus.o
    0x0001ace4   0x00000076   Code   RO         1549    i.ble_nus_on_ble_evt  ble_nus.o
    0x0001ad5a   0x00000008   Code   RO         1371    i.ble_srv_is_notification_enabled  ble_srv_common.o
    0x0001ad62   0x00000002   PAD
    0x0001ad64   0x00000018   Code   RO          737    i.bsp_btn_ble_init  bsp_btn_ble.o
    0x0001ad7c   0x0000001e   Code   RO          738    i.bsp_btn_ble_sleep_mode_prepare  bsp_btn_ble.o
    0x0001ad9a   0x00000002   PAD
    0x0001ad9c   0x0000004c   Code   RO            6    i.bsp_event_handler  main.o
    0x0001ade8   0x00000004   Code   RO          652    i.bsp_event_to_button_action_assign  bsp.o
    0x0001adec   0x00000004   Code   RO          653    i.bsp_indication_set  bsp.o
    0x0001adf0   0x00000004   Code   RO          654    i.bsp_init          bsp.o
    0x0001adf4   0x00000004   Code   RO          656    i.bsp_wakeup_button_enable  bsp.o
    0x0001adf8   0x00000094   Code   RO         4723    i.buf_prealloc      nrf_log_frontend.o
    0x0001ae8c   0x0000002e   Code   RO         4172    i.buffer_add        nrf_fprintf_format.o
    0x0001aeba   0x00000002   PAD
    0x0001aebc   0x00000018   Code   RO         4724    i.buffer_is_empty   nrf_log_frontend.o
    0x0001aed4   0x00000010   Code   RO         2101    i.channel_port_get  nrfx_gpiote.o
    0x0001aee4   0x00000190   Code   RO         1373    i.characteristic_add  ble_srv_common.o
    0x0001b074   0x00000028   Code   RO         1608    i.clock_clk_started_notify  nrf_drv_clock.o
    0x0001b09c   0x0000001c   Code   RO         1609    i.clock_irq_handler  nrf_drv_clock.o
    0x0001b0b8   0x00000018   Code   RO         3329    i.compare_func      app_timer2.o
    0x0001b0d0   0x0000003e   Code   RO         1190    i.conn_handle_list_get  ble_conn_state.o
    0x0001b10e   0x00000088   Code   RO          876    i.conn_int_encode   ble_advdata.o
    0x0001b196   0x00000004   Code   RO            7    i.conn_params_error_handler  main.o
    0x0001b19a   0x00000002   PAD
    0x0001b19c   0x00000048   Code   RO         1093    i.conn_params_negotiation  ble_conn_params.o
    0x0001b1e4   0x00000014   Code   RO         4725    i.dropped_sat16_get  nrf_log_frontend.o
    0x0001b1f8   0x00000014   Code   RO         3611    i.drv_rtc_compare_disable  drv_rtc.o
    0x0001b20c   0x0000000e   Code   RO         3614    i.drv_rtc_compare_pending  drv_rtc.o
    0x0001b21a   0x00000050   Code   RO         3615    i.drv_rtc_compare_set  drv_rtc.o
    0x0001b26a   0x00000008   Code   RO         3616    i.drv_rtc_counter_get  drv_rtc.o
    0x0001b272   0x00000002   PAD
    0x0001b274   0x000000d8   Code   RO         3617    i.drv_rtc_init      drv_rtc.o
    0x0001b34c   0x0000001e   Code   RO         3618    i.drv_rtc_irq_trigger  drv_rtc.o
    0x0001b36a   0x00000008   Code   RO         3620    i.drv_rtc_overflow_enable  drv_rtc.o
    0x0001b372   0x00000008   Code   RO         3621    i.drv_rtc_overflow_pending  drv_rtc.o
    0x0001b37a   0x00000008   Code   RO         3622    i.drv_rtc_start     drv_rtc.o
    0x0001b382   0x00000008   Code   RO         3623    i.drv_rtc_stop      drv_rtc.o
    0x0001b38a   0x000000de   Code   RO         3628    i.drv_rtc_windowed_compare_set  drv_rtc.o
    0x0001b468   0x000000a0   Code   RO          437    i.epdtest           spitest.o
    0x0001b508   0x00000012   Code   RO         3629    i.evt_enable        drv_rtc.o
    0x0001b51a   0x00000014   Code   RO         3630    i.evt_pending       drv_rtc.o
    0x0001b52e   0x00000014   Code   RO         3203    i.fifo_get          app_fifo.o
    0x0001b542   0x00000012   Code   RO         3204    i.fifo_put          app_fifo.o
    0x0001b554   0x0000000a   Code   RO         1191    i.flag_toggle       ble_conn_state.o
    0x0001b55e   0x00000028   Code   RO          988    i.flags_set         ble_advertising.o
    0x0001b586   0x0000000e   Code   RO         4547    i.fputc             retarget.o
    0x0001b594   0x0000005c   Code   RO            8    i.gatt_evt_handler  main.o
    0x0001b5f0   0x00000030   Code   RO            9    i.gatt_init         main.o
    0x0001b620   0x00000034   Code   RO         3330    i.get_now           app_timer2.o
    0x0001b654   0x00000014   Code   RO         1094    i.instance_get      ble_conn_params.o
    0x0001b668   0x000000a6   Code   RO         4173    i.int_print         nrf_fprintf_format.o
    0x0001b70e   0x00000002   PAD
    0x0001b710   0x00000088   Code   RO         2646    i.interrupts_enable  nrfx_uarte.o
    0x0001b798   0x00000034   Code   RO         4726    i.invalid_packets_omit  nrf_log_frontend.o
    0x0001b7cc   0x00000044   Code   RO         1095    i.is_conn_params_ok  ble_conn_params.o
    0x0001b810   0x00000048   Code   RO          438    i.lcd_chkstatus     spitest.o
    0x0001b858   0x00000010   Code   RO         1428    i.link_init         nrf_ble_gatt.o
    0x0001b868   0x00000002   Code   RO         4727    i.log_pending_hook  nrf_log_frontend.o
    0x0001b86a   0x00000002   PAD
    0x0001b86c   0x000000a4   Code   RO         4728    i.log_skip          nrf_log_frontend.o
    0x0001b910   0x000002a8   Code   RO           10    i.main              main.o
    0x0001bbb8   0x00000064   Code   RO          877    i.manuf_specific_data_encode  ble_advdata.o
    0x0001bc1c   0x0000007e   Code   RO         4212    i.memobj_op         nrf_memobj.o
    0x0001bc9a   0x00000002   PAD
    0x0001bc9c   0x00000030   Code   RO         4729    i.module_idx_get    nrf_log_frontend.o
    0x0001bccc   0x000000a6   Code   RO          878    i.name_encode       ble_advdata.o
    0x0001bd72   0x00000026   Code   RO         3828    i.nrf_atfifo_init   nrf_atfifo.o
    0x0001bd98   0x00000016   Code   RO         3829    i.nrf_atfifo_item_alloc  nrf_atfifo.o
    0x0001bdae   0x00000016   Code   RO         3830    i.nrf_atfifo_item_free  nrf_atfifo.o
    0x0001bdc4   0x00000016   Code   RO         3831    i.nrf_atfifo_item_get  nrf_atfifo.o
    0x0001bdda   0x00000016   Code   RO         3832    i.nrf_atfifo_item_put  nrf_atfifo.o
    0x0001bdf0   0x00000016   Code   RO         3894    i.nrf_atflags_clear  nrf_atflags.o
    0x0001be06   0x00000016   Code   RO         3899    i.nrf_atflags_get   nrf_atflags.o
    0x0001be1c   0x00000014   Code   RO         3901    i.nrf_atflags_set   nrf_atflags.o
    0x0001be30   0x00000006   Code   RO         3962    i.nrf_atomic_flag_clear_fetch  nrf_atomic.o
    0x0001be36   0x00000006   Code   RO         3963    i.nrf_atomic_flag_set  nrf_atomic.o
    0x0001be3c   0x0000000c   Code   RO         3965    i.nrf_atomic_u32_add  nrf_atomic.o
    0x0001be48   0x0000000c   Code   RO         3966    i.nrf_atomic_u32_and  nrf_atomic.o
    0x0001be54   0x0000000a   Code   RO         3969    i.nrf_atomic_u32_fetch_and  nrf_atomic.o
    0x0001be5e   0x0000000a   Code   RO         3971    i.nrf_atomic_u32_fetch_store  nrf_atomic.o
    0x0001be68   0x0000000c   Code   RO         3975    i.nrf_atomic_u32_or  nrf_atomic.o
    0x0001be74   0x0000000c   Code   RO         3977    i.nrf_atomic_u32_sub  nrf_atomic.o
    0x0001be80   0x00000044   Code   RO         4096    i.nrf_balloc_alloc  nrf_balloc.o
    0x0001bec4   0x00000030   Code   RO         4097    i.nrf_balloc_free   nrf_balloc.o
    0x0001bef4   0x00000030   Code   RO         4098    i.nrf_balloc_init   nrf_balloc.o
    0x0001bf24   0x00000010   Code   RO         2102    i.nrf_bitmask_bit_is_set  nrfx_gpiote.o
    0x0001bf34   0x00000018   Code   RO         1430    i.nrf_ble_gatt_att_mtu_periph_set  nrf_ble_gatt.o
    0x0001bf4c   0x00000022   Code   RO         1432    i.nrf_ble_gatt_init  nrf_ble_gatt.o
    0x0001bf6e   0x00000002   PAD
    0x0001bf70   0x000000f4   Code   RO         1433    i.nrf_ble_gatt_on_ble_evt  nrf_ble_gatt.o
    0x0001c064   0x00000016   Code   RO         1503    i.nrf_ble_qwr_conn_handle_assign  nrf_ble_qwr.o
    0x0001c07a   0x00000024   Code   RO         1504    i.nrf_ble_qwr_init  nrf_ble_qwr.o
    0x0001c09e   0x000000b6   Code   RO         1505    i.nrf_ble_qwr_on_ble_evt  nrf_ble_qwr.o
    0x0001c154   0x0000000e   Code   RO         1960    i.nrf_clock_event_check  nrfx_clock.o
    0x0001c162   0x00000010   Code   RO         1961    i.nrf_clock_event_clear  nrfx_clock.o
    0x0001c172   0x00000002   PAD
    0x0001c174   0x00000020   Code   RO           11    i.nrf_delay_ms      main.o
    0x0001c194   0x00000020   Code   RO          439    i.nrf_delay_ms      spitest.o
    0x0001c1b4   0x00000040   Code   RO         1616    i.nrf_drv_clock_init  nrf_drv_clock.o
    0x0001c1f4   0x00000034   Code   RO         1620    i.nrf_drv_clock_lfclk_release  nrf_drv_clock.o
    0x0001c228   0x00000070   Code   RO         2805    i.nrf_drv_spi_init  nrf_drv_spi.o
    0x0001c298   0x00000068   Code   RO         1768    i.nrf_drv_uart_init  nrf_drv_uart.o
    0x0001c300   0x00000020   Code   RO         3467    i.nrf_drv_uart_rx   app_uart_fifo.o
    0x0001c320   0x00000020   Code   RO         3468    i.nrf_drv_uart_tx   app_uart_fifo.o
    0x0001c340   0x0000001a   Code   RO         4133    i.nrf_fprintf       nrf_fprintf.o
    0x0001c35a   0x00000018   Code   RO         4134    i.nrf_fprintf_buffer_flush  nrf_fprintf.o
    0x0001c372   0x000001da   Code   RO         4174    i.nrf_fprintf_fmt   nrf_fprintf_format.o
    0x0001c54c   0x00000024   Code   RO          440    i.nrf_gpio_cfg      spitest.o
    0x0001c570   0x00000024   Code   RO         2458    i.nrf_gpio_cfg      nrfx_uart.o
    0x0001c594   0x00000024   Code   RO         2647    i.nrf_gpio_cfg      nrfx_uarte.o
    0x0001c5b8   0x00000024   Code   RO         2871    i.nrf_gpio_cfg      nrfx_spim.o
    0x0001c5dc   0x00000012   Code   RO         2460    i.nrf_gpio_cfg_input  nrfx_uart.o
    0x0001c5ee   0x00000012   Code   RO         2649    i.nrf_gpio_cfg_input  nrfx_uarte.o
    0x0001c600   0x00000010   Code   RO           12    i.nrf_gpio_cfg_output  main.o
    0x0001c610   0x00000014   Code   RO          441    i.nrf_gpio_cfg_output  spitest.o
    0x0001c624   0x00000014   Code   RO         2461    i.nrf_gpio_cfg_output  nrfx_uart.o
    0x0001c638   0x00000014   Code   RO         2650    i.nrf_gpio_cfg_output  nrfx_uarte.o
    0x0001c64c   0x00000014   Code   RO         2872    i.nrf_gpio_cfg_output  nrfx_spim.o
    0x0001c660   0x00000022   Code   RO         2105    i.nrf_gpio_cfg_sense_set  nrfx_gpiote.o
    0x0001c682   0x00000002   PAD
    0x0001c684   0x0000002c   Code   RO         2106    i.nrf_gpio_latches_read_and_clear  nrfx_gpiote.o
    0x0001c6b0   0x0000000e   Code   RO         2873    i.nrf_gpio_pin_clear  nrfx_spim.o
    0x0001c6be   0x0000000e   Code   RO           13    i.nrf_gpio_pin_set  main.o
    0x0001c6cc   0x0000000e   Code   RO          442    i.nrf_gpio_pin_set  spitest.o
    0x0001c6da   0x0000000e   Code   RO         2874    i.nrf_gpio_pin_set  nrfx_spim.o
    0x0001c6e8   0x00000014   Code   RO         2108    i.nrf_gpiote_event_clear  nrfx_gpiote.o
    0x0001c6fc   0x00000010   Code   RO         2109    i.nrf_gpiote_event_is_set  nrfx_gpiote.o
    0x0001c70c   0x0000005c   Code   RO         4730    i.nrf_log_backend_add  nrf_log_frontend.o
    0x0001c768   0x00000002   Code   RO         4584    i.nrf_log_backend_rtt_flush  nrf_log_backend_rtt.o
    0x0001c76a   0x00000004   Code   RO         4585    i.nrf_log_backend_rtt_init  nrf_log_backend_rtt.o
    0x0001c76e   0x00000002   Code   RO         4586    i.nrf_log_backend_rtt_panic_set  nrf_log_backend_rtt.o
    0x0001c770   0x00000018   Code   RO         4587    i.nrf_log_backend_rtt_put  nrf_log_backend_rtt.o
    0x0001c788   0x000000c8   Code   RO         4650    i.nrf_log_backend_serial_put  nrf_log_backend_serial.o
    0x0001c850   0x00000030   Code   RO         4732    i.nrf_log_color_id_get  nrf_log_frontend.o
    0x0001c880   0x0000001c   Code   RO         4684    i.nrf_log_default_backends_init  nrf_log_default_backends.o
    0x0001c89c   0x00000238   Code   RO         4733    i.nrf_log_frontend_dequeue  nrf_log_frontend.o
    0x0001cad4   0x00000008   Code   RO         4735    i.nrf_log_frontend_std_0  nrf_log_frontend.o
    0x0001cadc   0x0000000e   Code   RO         4736    i.nrf_log_frontend_std_1  nrf_log_frontend.o
    0x0001caea   0x00000010   Code   RO         4737    i.nrf_log_frontend_std_2  nrf_log_frontend.o
    0x0001cafa   0x00000002   PAD
    0x0001cafc   0x000000b0   Code   RO         4916    i.nrf_log_hexdump_entry_process  nrf_log_str_formatter.o
    0x0001cbac   0x00000028   Code   RO         4742    i.nrf_log_init      nrf_log_frontend.o
    0x0001cbd4   0x00000014   Code   RO         4743    i.nrf_log_module_cnt_get  nrf_log_frontend.o
    0x0001cbe8   0x0000001c   Code   RO         4746    i.nrf_log_module_name_get  nrf_log_frontend.o
    0x0001cc04   0x00000028   Code   RO         4747    i.nrf_log_panic     nrf_log_frontend.o
    0x0001cc2c   0x000000b6   Code   RO         4917    i.nrf_log_std_entry_process  nrf_log_str_formatter.o
    0x0001cce2   0x00000060   Code   RO         4213    i.nrf_memobj_alloc  nrf_memobj.o
    0x0001cd42   0x00000032   Code   RO         4214    i.nrf_memobj_free   nrf_memobj.o
    0x0001cd74   0x00000008   Code   RO         4215    i.nrf_memobj_get    nrf_memobj.o
    0x0001cd7c   0x00000004   Code   RO         4216    i.nrf_memobj_pool_init  nrf_memobj.o
    0x0001cd80   0x0000001e   Code   RO         4217    i.nrf_memobj_put    nrf_memobj.o
    0x0001cd9e   0x00000010   Code   RO         4218    i.nrf_memobj_read   nrf_memobj.o
    0x0001cdae   0x00000010   Code   RO         4219    i.nrf_memobj_write  nrf_memobj.o
    0x0001cdbe   0x00000002   PAD
    0x0001cdc0   0x00000028   Code   RO         4291    i.nrf_pwr_mgmt_init  nrf_pwr_mgmt.o
    0x0001cde8   0x00000014   Code   RO         4292    i.nrf_pwr_mgmt_run  nrf_pwr_mgmt.o
    0x0001cdfc   0x00000004   Code   RO           14    i.nrf_qwr_error_handler  main.o
    0x0001ce00   0x0000001c   Code   RO         4364    i.nrf_ringbuf_init  nrf_ringbuf.o
    0x0001ce1c   0x0000000c   Code   RO         3631    i.nrf_rtc_event_clear  drv_rtc.o
    0x0001ce28   0x00000014   Code   RO         5347    i.nrf_sdh_ble_app_ram_start_get  nrf_sdh_ble.o
    0x0001ce3c   0x00000128   Code   RO         5348    i.nrf_sdh_ble_default_cfg_set  nrf_sdh_ble.o
    0x0001cf64   0x00000130   Code   RO         5349    i.nrf_sdh_ble_enable  nrf_sdh_ble.o
    0x0001d094   0x00000060   Code   RO         5350    i.nrf_sdh_ble_evts_poll  nrf_sdh_ble.o
    0x0001d0f4   0x00000074   Code   RO         5229    i.nrf_sdh_enable_request  nrf_sdh.o
    0x0001d168   0x00000024   Code   RO         5230    i.nrf_sdh_evts_poll  nrf_sdh.o
    0x0001d18c   0x0000000c   Code   RO         5231    i.nrf_sdh_is_enabled  nrf_sdh.o
    0x0001d198   0x0000003c   Code   RO         5401    i.nrf_sdh_soc_evts_poll  nrf_sdh_soc.o
    0x0001d1d4   0x0000000a   Code   RO         4422    i.nrf_section_iter_init  nrf_section_iter.o
    0x0001d1de   0x00000024   Code   RO         4423    i.nrf_section_iter_item_set  nrf_section_iter.o
    0x0001d202   0x00000020   Code   RO         4424    i.nrf_section_iter_next  nrf_section_iter.o
    0x0001d222   0x00000022   Code   RO         4457    i.nrf_sortlist_add  nrf_sortlist.o
    0x0001d244   0x00000006   Code   RO         4459    i.nrf_sortlist_peek  nrf_sortlist.o
    0x0001d24a   0x0000000e   Code   RO         4460    i.nrf_sortlist_pop  nrf_sortlist.o
    0x0001d258   0x0000001e   Code   RO         4461    i.nrf_sortlist_remove  nrf_sortlist.o
    0x0001d276   0x0000000a   Code   RO         2875    i.nrf_spim_event_check  nrfx_spim.o
    0x0001d280   0x00000038   Code   RO         4513    i.nrf_strerror_find  nrf_strerror.o
    0x0001d2b8   0x00000014   Code   RO         4514    i.nrf_strerror_get  nrf_strerror.o
    0x0001d2cc   0x0000000a   Code   RO         2462    i.nrf_uart_event_check  nrfx_uart.o
    0x0001d2d6   0x0000000c   Code   RO         2463    i.nrf_uart_event_clear  nrfx_uart.o
    0x0001d2e2   0x0000000c   Code   RO         2464    i.nrf_uart_int_enable_check  nrfx_uart.o
    0x0001d2ee   0x0000000a   Code   RO         2651    i.nrf_uarte_event_check  nrfx_uarte.o
    0x0001d2f8   0x0000000c   Code   RO         2652    i.nrf_uarte_event_clear  nrfx_uarte.o
    0x0001d304   0x00000010   Code   RO         1623    i.nrf_wdt_started   nrf_drv_clock.o
    0x0001d314   0x0000002c   Code   RO         1966    i.nrfx_clock_enable  nrfx_clock.o
    0x0001d340   0x0000001c   Code   RO         1969    i.nrfx_clock_init   nrfx_clock.o
    0x0001d35c   0x00000030   Code   RO         1972    i.nrfx_clock_lfclk_stop  nrfx_clock.o
    0x0001d38c   0x00000010   Code   RO         3632    i.nrfx_coredep_delay_us  drv_rtc.o
    0x0001d39c   0x00000010   Code   RO         2653    i.nrfx_is_in_ram    nrfx_uarte.o
    0x0001d3ac   0x00000010   Code   RO         2876    i.nrfx_is_in_ram    nrfx_spim.o
    0x0001d3bc   0x0000003a   Code   RO         2404    i.nrfx_prs_acquire  nrfx_prs.o
    0x0001d3f6   0x00000002   PAD
    0x0001d3f8   0x0000016c   Code   RO         2879    i.nrfx_spim_init    nrfx_spim.o
    0x0001d564   0x00000064   Code   RO         2882    i.nrfx_spim_xfer    nrfx_spim.o
    0x0001d5c8   0x00000010   Code   RO         2465    i.nrfx_uart_0_irq_handler  nrfx_uart.o
    0x0001d5d8   0x000000d4   Code   RO         2467    i.nrfx_uart_init    nrfx_uart.o
    0x0001d6ac   0x000000ec   Code   RO         2468    i.nrfx_uart_rx      nrfx_uart.o
    0x0001d798   0x000000a8   Code   RO         2473    i.nrfx_uart_tx      nrfx_uart.o
    0x0001d840   0x00000020   Code   RO         2475    i.nrfx_uart_tx_in_progress  nrfx_uart.o
    0x0001d860   0x00000010   Code   RO         2654    i.nrfx_uarte_0_irq_handler  nrfx_uarte.o
    0x0001d870   0x0000006c   Code   RO         2656    i.nrfx_uarte_init   nrfx_uarte.o
    0x0001d8dc   0x00000104   Code   RO         2657    i.nrfx_uarte_rx     nrfx_uarte.o
    0x0001d9e0   0x000000ac   Code   RO         2660    i.nrfx_uarte_tx     nrfx_uarte.o
    0x0001da8c   0x0000001c   Code   RO         2662    i.nrfx_uarte_tx_in_progress  nrfx_uarte.o
    0x0001daa8   0x00000098   Code   RO           15    i.nus_data_handler  main.o
    0x0001db40   0x00000018   Code   RO         5446    i.nvmc_config       system_nrf52.o
    0x0001db58   0x00000024   Code   RO           16    i.on_adv_evt        main.o
    0x0001db7c   0x0000001c   Code   RO           17    i.on_conn_params_evt  main.o
    0x0001db98   0x0000006a   Code   RO         1550    i.on_connect        ble_nus.o
    0x0001dc02   0x00000002   PAD
    0x0001dc04   0x0000008c   Code   RO         1434    i.on_connected_evt  nrf_ble_gatt.o
    0x0001dc90   0x000000b0   Code   RO         1435    i.on_exchange_mtu_request_evt  nrf_ble_gatt.o
    0x0001dd40   0x00000084   Code   RO         1551    i.on_write          ble_nus.o
    0x0001ddc4   0x00000012   Code   RO          989    i.phy_is_valid      ble_advertising.o
    0x0001ddd6   0x00000002   PAD
    0x0001ddd8   0x000000b4   Code   RO         2142    i.port_event_handle  nrfx_gpiote.o
    0x0001de8c   0x00000010   Code   RO         2143    i.port_handler_polarity_get  nrfx_gpiote.o
    0x0001de9c   0x0000003c   Code   RO         4919    i.postfix_process   nrf_log_str_formatter.o
    0x0001ded8   0x00000098   Code   RO         4920    i.prefix_process    nrf_log_str_formatter.o
    0x0001df70   0x00000018   Code   RO         2406    i.prs_box_get       nrfx_prs.o
    0x0001df88   0x0000005c   Code   RO         3331    i.rtc_irq           app_timer2.o
    0x0001dfe4   0x0000006c   Code   RO         3332    i.rtc_schedule      app_timer2.o
    0x0001e050   0x0000008c   Code   RO         3333    i.rtc_update        app_timer2.o
    0x0001e0dc   0x00000032   Code   RO         2477    i.rx_byte           nrfx_uart.o
    0x0001e10e   0x00000016   Code   RO         2478    i.rx_done_event     nrfx_uart.o
    0x0001e124   0x00000016   Code   RO         2664    i.rx_done_event     nrfx_uarte.o
    0x0001e13a   0x00000020   Code   RO         2479    i.rx_enable         nrfx_uart.o
    0x0001e15a   0x00000002   PAD
    0x0001e15c   0x00000058   Code   RO         1624    i.sd_state_evt_handler  nrf_drv_clock.o
    0x0001e1b4   0x00000030   Code   RO         5236    i.sdh_request_observer_notify  nrf_sdh.o
    0x0001e1e4   0x0000002c   Code   RO         5237    i.sdh_state_observer_notify  nrf_sdh.o
    0x0001e210   0x00000010   Code   RO         1096    i.send_error_evt    ble_conn_params.o
    0x0001e220   0x00000050   Code   RO         4588    i.serial_tx         nrf_log_backend_rtt.o
    0x0001e270   0x00000088   Code   RO          879    i.service_data_encode  ble_advdata.o
    0x0001e2f8   0x00000030   Code   RO         1375    i.set_security_req  ble_srv_common.o
    0x0001e328   0x00000028   Code   RO           18    i.sleep_mode_enter  main.o
    0x0001e350   0x00000018   Code   RO         1625    i.soc_evt_handler   nrf_drv_clock.o
    0x0001e368   0x00000058   Code   RO         5239    i.softdevices_evt_irq_enable  nrf_sdh.o
    0x0001e3c0   0x0000000c   Code   RO         3334    i.sortlist_pop      app_timer2.o
    0x0001e3cc   0x0000000c   Code   RO          443    i.spi_event_handler  spitest.o
    0x0001e3d8   0x00000054   Code   RO          444    i.spi_init          spitest.o
    0x0001e42c   0x00000038   Code   RO         2806    i.spim_evt_handler  nrf_drv_spi.o
    0x0001e464   0x000000bc   Code   RO         2883    i.spim_xfer         nrfx_spim.o
    0x0001e520   0x00000098   Code   RO         4749    i.std_n             nrf_log_frontend.o
    0x0001e5b8   0x00000098   Code   RO         3335    i.timer_expire      app_timer2.o
    0x0001e650   0x00000080   Code   RO         3336    i.timer_req_process  app_timer2.o
    0x0001e6d0   0x00000038   Code   RO         3337    i.timer_req_schedule  app_timer2.o
    0x0001e708   0x00000020   Code   RO         2480    i.tx_byte           nrfx_uart.o
    0x0001e728   0x0000001a   Code   RO         2481    i.tx_done_event     nrfx_uart.o
    0x0001e742   0x0000001a   Code   RO         2665    i.tx_done_event     nrfx_uarte.o
    0x0001e75c   0x000000a4   Code   RO           19    i.uart_event_handle  main.o
    0x0001e800   0x000000a4   Code   RO         3469    i.uart_event_handler  app_uart_fifo.o
    0x0001e8a4   0x00000030   Code   RO         1769    i.uart_evt_handler  nrf_drv_uart.o
    0x0001e8d4   0x0000012a   Code   RO         2482    i.uart_irq_handler  nrfx_uart.o
    0x0001e9fe   0x00000002   PAD
    0x0001ea00   0x00000030   Code   RO         1770    i.uarte_evt_handler  nrf_drv_uart.o
    0x0001ea30   0x00000112   Code   RO         2666    i.uarte_irq_handler  nrfx_uarte.o
    0x0001eb42   0x0000000a   Code   RO          880    i.uint16_encode     ble_advdata.o
    0x0001eb4c   0x000000b4   Code   RO         4175    i.unsigned_print    nrf_fprintf_format.o
    0x0001ec00   0x00000068   Code   RO         1097    i.update_timeout_handler  ble_conn_params.o
    0x0001ec68   0x00000018   Code   RO          990    i.use_whitelist     ble_advertising.o
    0x0001ec80   0x00000024   Code   RO         1506    i.user_mem_reply    nrf_ble_qwr.o
    0x0001eca4   0x00000030   Code   RO          881    i.uuid_list_encode  ble_advdata.o
    0x0001ecd4   0x0000009e   Code   RO          882    i.uuid_list_sized_encode  ble_advdata.o
    0x0001ed72   0x0000000e   PAD
    0x0001ed80   0x00000020   Data   RO           21    .constdata          main.o
    0x0001eda0   0x00007558   Data   RO          447    .constdata          spitest.o
    0x000262f8   0x0000000e   Data   RO         1436    .constdata          nrf_ble_gatt.o
    0x00026306   0x00000002   PAD
    0x00026308   0x00000010   Data   RO         1552    .constdata          ble_nus.o
    0x00026318   0x00000004   Data   RO         2145    .constdata          nrfx_gpiote.o
    0x0002631c   0x00000004   Data   RO         2485    .constdata          nrfx_uart.o
    0x00026320   0x00000004   Data   RO         2669    .constdata          nrfx_uarte.o
    0x00026324   0x00000010   Data   RO         2807    .constdata          nrf_drv_spi.o
    0x00026334   0x00000004   Data   RO         2886    .constdata          nrfx_spim.o
    0x00026338   0x00000014   Data   RO         3340    .constdata          app_timer2.o
    0x0002634c   0x00000020   Data   RO         3471    .constdata          app_uart_fifo.o
    0x0002636c   0x00000004   PAD
    0x00026370   0x00000006   Data   RO         3633    .constdata          drv_rtc.o
    0x00026376   0x00000010   Data   RO         4176    .constdata          nrf_fprintf_format.o
    0x00026386   0x00000002   PAD
    0x00026388   0x00000018   Data   RO         4296    .constdata          nrf_pwr_mgmt.o
    0x000263a0   0x0000000c   Data   RO         4297    .constdata          nrf_pwr_mgmt.o
    0x000263ac   0x0000013c   Data   RO         4515    .constdata          nrf_strerror.o
    0x000264e8   0x0000000c   Data   RO         4590    .constdata          nrf_log_backend_rtt.o
    0x000264f4   0x0000000c   PAD
    0x00026500   0x00000006   Data   RO         4591    .constdata          nrf_log_backend_rtt.o
    0x00026506   0x00000002   PAD
    0x00026508   0x0000000c   Data   RO         4754    .constdata          nrf_log_frontend.o
    0x00026514   0x00000010   Data   RO         5240    .constdata          nrf_sdh.o
    0x00026524   0x00000028   Data   RO         5241    .constdata          nrf_sdh.o
    0x0002654c   0x00000010   Data   RO         5242    .constdata          nrf_sdh.o
    0x0002655c   0x00000010   Data   RO         5243    .constdata          nrf_sdh.o
    0x0002656c   0x00000020   Data   RO         5351    .constdata          nrf_sdh_ble.o
    0x0002658c   0x00000010   Data   RO         5352    .constdata          nrf_sdh_ble.o
    0x0002659c   0x00000010   Data   RO         5402    .constdata          nrf_sdh_soc.o
    0x000265ac   0x0000000c   Data   RO         5403    .constdata          nrf_sdh_soc.o
    0x000265b8   0x00000081   Data   RO         5518    .constdata          mc_w.l(ctype_o.o)
    0x00026639   0x00000003   PAD
    0x0002663c   0x00000004   Data   RO         5519    .constdata          mc_w.l(ctype_o.o)
    0x00026640   0x000003eb   Data   RO         4516    .conststring        nrf_strerror.o
    0x00026a2b   0x00000001   PAD
    0x00026a2c   0x00000066   Data   RO         4921    .conststring        nrf_log_str_formatter.o
    0x00026a92   0x00000002   PAD
    0x00026a94   0x000001cf   Data   RO         5353    .conststring        nrf_sdh_ble.o
    0x00026c63   0x00000001   PAD
    0x00026c64   0x0000000d   Data   RO         1437    .conststrlit        nrf_ble_gatt.o
    0x00026c71   0x00000003   PAD
    0x00026c74   0x00000008   Data   RO         1553    .conststrlit        ble_nus.o
    0x00026c7c   0x00000006   Data   RO         1631    .conststrlit        nrf_drv_clock.o
    0x00026c82   0x00000002   PAD
    0x00026c84   0x00000006   Data   RO         1976    .conststrlit        nrfx_clock.o
    0x00026c8a   0x00000002   PAD
    0x00026c8c   0x00000007   Data   RO         2149    .conststrlit        nrfx_gpiote.o
    0x00026c93   0x00000001   PAD
    0x00026c94   0x00000004   Data   RO         2408    .conststrlit        nrfx_prs.o
    0x00026c98   0x00000005   Data   RO         2488    .conststrlit        nrfx_uart.o
    0x00026c9d   0x00000003   PAD
    0x00026ca0   0x00000006   Data   RO         2672    .conststrlit        nrfx_uarte.o
    0x00026ca6   0x00000002   PAD
    0x00026ca8   0x00000005   Data   RO         2889    .conststrlit        nrfx_spim.o
    0x00026cad   0x00000003   PAD
    0x00026cb0   0x0000000b   Data   RO         3000    .conststrlit        app_button.o
    0x00026cbb   0x00000001   PAD
    0x00026cbc   0x0000000a   Data   RO         3341    .conststrlit        app_timer2.o
    0x00026cc6   0x00000002   PAD
    0x00026cc8   0x00000009   Data   RO         4298    .conststrlit        nrf_pwr_mgmt.o
    0x00026cd1   0x00000003   PAD
    0x00026cd4   0x00000009   Data   RO         4462    .conststrlit        nrf_sortlist.o
    0x00026cdd   0x00000003   PAD
    0x00026ce0   0x00000010   Data   RO         4685    .conststrlit        nrf_log_default_backends.o
    0x00026cf0   0x00000004   Data   RO         4755    .conststrlit        nrf_log_frontend.o
    0x00026cf4   0x00000008   Data   RO         5244    .conststrlit        nrf_sdh.o
    0x00026cfc   0x0000000c   Data   RO         5354    .conststrlit        nrf_sdh_ble.o
    0x00026d08   0x0000000c   Data   RO         5404    .conststrlit        nrf_sdh_soc.o
    0x00026d14   0x00000020   Data   RO         5854    Region$$Table       anon$$obj.o
    0x00026d34   0x00000010   Data   RO         4687    log_backends        nrf_log_default_backends.o
    0x00026d44   0x00000008   Data   RO         1438    log_const_data      nrf_ble_gatt.o
    0x00026d4c   0x00000008   Data   RO         1554    log_const_data      ble_nus.o
    0x00026d54   0x00000008   Data   RO         1632    log_const_data      nrf_drv_clock.o
    0x00026d5c   0x00000008   Data   RO         1978    log_const_data      nrfx_clock.o
    0x00026d64   0x00000008   Data   RO         2150    log_const_data      nrfx_gpiote.o
    0x00026d6c   0x00000008   Data   RO         2410    log_const_data      nrfx_prs.o
    0x00026d74   0x00000008   Data   RO         2489    log_const_data      nrfx_uart.o
    0x00026d7c   0x00000008   Data   RO         2673    log_const_data      nrfx_uarte.o
    0x00026d84   0x00000008   Data   RO         2890    log_const_data      nrfx_spim.o
    0x00026d8c   0x00000008   Data   RO         3003    log_const_data      app_button.o
    0x00026d94   0x00000008   Data   RO         3344    log_const_data      app_timer2.o
    0x00026d9c   0x00000008   Data   RO         4300    log_const_data      nrf_pwr_mgmt.o
    0x00026da4   0x00000008   Data   RO         4463    log_const_data      nrf_sortlist.o
    0x00026dac   0x00000008   Data   RO         4759    log_const_data      nrf_log_frontend.o
    0x00026db4   0x00000008   Data   RO         5246    log_const_data      nrf_sdh.o
    0x00026dbc   0x00000008   Data   RO         5356    log_const_data      nrf_sdh_ble.o
    0x00026dc4   0x00000008   Data   RO         5405    log_const_data      nrf_sdh_soc.o
    0x00026dcc   0x00000014   Data   RO         4760    nrf_balloc          nrf_log_frontend.o
    0x00026de0   0x00000008   Data   RO         1195    sdh_ble_observers0  ble_conn_state.o
    0x00026de8   0x00000010   Data   RO           25    sdh_ble_observers1  main.o
    0x00026df8   0x00000008   Data   RO          740    sdh_ble_observers1  bsp_btn_ble.o
    0x00026e00   0x00000008   Data   RO         1100    sdh_ble_observers1  ble_conn_params.o
    0x00026e08   0x00000010   Data   RO           26    sdh_ble_observers2  main.o
    0x00026e18   0x00000008   Data   RO           27    sdh_ble_observers3  main.o
    0x00026e20   0x00000008   Data   RO         1633    sdh_soc_observers0  nrf_drv_clock.o
    0x00026e28   0x00000008   Data   RO         5357    sdh_stack_observers0  nrf_sdh_ble.o
    0x00026e30   0x00000008   Data   RO         5406    sdh_stack_observers0  nrf_sdh_soc.o
    0x00026e38   0x00000008   Data   RO         1634    sdh_state_observers0  nrf_drv_clock.o


    Execution Region RW_IRAM1 (Base: 0x200022c8, Size: 0x000016d8, Max: 0x00003d38, ABSOLUTE, COMPRESSED[0x00000058])

    Base Addr    Size         Type   Attr      Idx    E Section Name        Object

    0x200022c8   0x00000008   Data   RW           22    .data               main.o
    0x200022d0   0x00000024   Data   RW           23    .data               main.o
    0x200022f4   0x00000004   Data   RW           24    .data               main.o
    0x200022f8   0x00000001   Data   RW          448    .data               spitest.o
    0x200022f9   0x00000003   PAD
    0x200022fc   0x00000008   Data   RW          739    .data               bsp_btn_ble.o
    0x20002304   0x00000008   Data   RW         1099    .data               ble_conn_params.o
    0x2000230c   0x0000000c   Data   RW         1771    .data               nrf_drv_uart.o
    0x20002318   0x00000008   Data   RW         1977    .data               nrfx_clock.o
    0x20002320   0x00000008   Data   RW         2409    .data               nrfx_prs.o
    0x20002328   0x00000010   Data   RW         2808    .data               nrf_drv_spi.o
    0x20002338   0x00000020   Data   RW         3342    .data               app_timer2.o
    0x20002358   0x00000004   Data   RW         3343    .data               app_timer2.o
    0x2000235c   0x0000001c   Data   RW         3472    .data               app_uart_fifo.o
    0x20002378   0x0000000c   Data   RW         3634    .data               drv_rtc.o
    0x20002384   0x00000008   Data   RW         4299    .data               nrf_pwr_mgmt.o
    0x2000238c   0x00000004   Data   RW         4548    .data               retarget.o
    0x20002390   0x00000001   Data   RW         4592    .data               nrf_log_backend_rtt.o
    0x20002391   0x00000003   PAD
    0x20002394   0x00000008   Data   RW         4686    .data               nrf_log_default_backends.o
    0x2000239c   0x00000004   Data   RW         4756    .data               nrf_log_frontend.o
    0x200023a0   0x00000008   Data   RW         4757    .data               nrf_log_frontend.o
    0x200023a8   0x00000008   Data   RW         4758    .data               nrf_log_frontend.o
    0x200023b0   0x00000040   Data   RW         4922    .data               nrf_log_str_formatter.o
    0x200023f0   0x00000003   Data   RW         5245    .data               nrf_sdh.o
    0x200023f3   0x00000001   Data   RW         5355    .data               nrf_sdh_ble.o
    0x200023f4   0x00000004   Data   RW         5448    .data               system_nrf52.o
    0x200023f8   0x00000314   Zero   RW           20    .bss                main.o
    0x2000270c   0x00000004   PAD
    0x20002710   0x00000050   Zero   RW         1098    .bss                ble_conn_params.o
    0x20002760   0x0000007c   Zero   RW         1194    .bss                ble_conn_state.o
    0x200027dc   0x00000014   Zero   RW         1626    .bss                nrf_drv_clock.o
    0x200027f0   0x0000005c   Zero   RW         2144    .bss                nrfx_gpiote.o
    0x2000284c   0x0000002c   Zero   RW         2483    .bss                nrfx_uart.o
    0x20002878   0x00000024   Zero   RW         2667    .bss                nrfx_uarte.o
    0x2000289c   0x00000024   Zero   RW         2884    .bss                nrfx_spim.o
    0x200028c0   0x00000010   Zero   RW         3338    .bss                app_timer2.o
    0x200028d0   0x00000058   Zero   RW         3339    .bss                app_timer2.o
    0x20002928   0x00000020   Zero   RW         3470    .bss                app_uart_fifo.o
    0x20002948   0x0000000c   Zero   RW         3548    .bss                app_util_platform.o
    0x20002954   0x0000000c   Zero   RW         4295    .bss                nrf_pwr_mgmt.o
    0x20002960   0x00000040   Zero   RW         4589    .bss                nrf_log_backend_rtt.o
    0x200029a0   0x000000c0   Zero   RW         4750    .bss                nrf_log_frontend.o
    0x20002a60   0x00000080   Zero   RW         4751    .bss                nrf_log_frontend.o
    0x20002ae0   0x00000018   Zero   RW         4752    .bss                nrf_log_frontend.o
    0x20002af8   0x00000420   Zero   RW         4753    .bss                nrf_log_frontend.o
    0x20002f18   0x00000288   Zero   RW         4998    .bss                segger_rtt.o
    0x200031a0   0x00000800   Zero   RW         5433    STACK               arm_startup_nrf52811.o


==============================================================================

Image component sizes


      Code (inc. data)   RO Data    RW Data    ZI Data      Debug   Object Name

         0          0         19          0          0       1911   app_button.o
        22          0          0          0          0       2529   app_error.o
       132         46          0          0          0      37282   app_error_weak.o
       118          0          0          0          0       5026   app_fifo.o
      1052         90         38         36        104      17137   app_timer2.o
       528         60         32         28         32      18074   app_uart_fifo.o
       124         14          0          0         12      10646   app_util_platform.o
        36          8        512          0       2048        924   arm_startup_nrf52811.o
      1338          0          0          0          0      60548   ble_advdata.o
      1022          6          0          0          0      17887   ble_advertising.o
       636         44          8          8         80      12819   ble_conn_params.o
       374         10          8          0        124       7723   ble_conn_state.o
        72          0          0          0          0       2880   ble_link_ctx_manager.o
       670          6         32          0          0       8964   ble_nus.o
       456          6          0          0          0       3375   ble_srv_common.o
         0          0          0          0          0      50902   boards.o
        16          0          0          0          0      14751   bsp.o
       220         10          8          8          0      44592   bsp_btn_ble.o
       704         76          6         12          0      48505   drv_rtc.o
      1606        348         72         48        788     159688   main.o
       326          0          0          0          0       5911   nrf_atfifo.o
        64          0          0          0          0       3016   nrf_atflags.o
       306          0          0          0          0       7963   nrf_atomic.o
       164          0          0          0          0       3640   nrf_balloc.o
       634        186         35          0          0       8513   nrf_ble_gatt.o
       276          0          0          0          0       6245   nrf_ble_qwr.o
       312         36         30          0         20      47696   nrf_drv_clock.o
       168         18         16         16          0      15835   nrf_drv_spi.o
       200         26          0         12          0      18052   nrf_drv_uart.o
        50          0          0          0          0       3585   nrf_fprintf.o
       866          4         16          0          0       6546   nrf_fprintf_format.o
       112         18         18          1         64       5677   nrf_log_backend_rtt.o
       200          0          0          0          0      11009   nrf_log_backend_serial.o
        28          4         32          8          0       3397   nrf_log_default_backends.o
      1484        128         44         20       1400      30393   nrf_log_frontend.o
       570        108        102         64          0       5688   nrf_log_str_formatter.o
       346          0          0          0          0       9523   nrf_memobj.o
        60         12         53          8         12       6539   nrf_pwr_mgmt.o
        28          0          0          0          0       2435   nrf_ringbuf.o
       384         46        104          3          0      42766   nrf_sdh.o
       716        232        539          1          0       5949   nrf_sdh_ble.o
        60          4         56          0          0       2532   nrf_sdh_soc.o
        78          0          0          0          0       2788   nrf_section_iter.o
        84          0         17          0          0       4141   nrf_sortlist.o
        76         10       1319          0          0       2795   nrf_strerror.o
       230         32         14          8          0      46992   nrfx_clock.o
       506         38         19          0         92      21573   nrfx_gpiote.o
        94         16         12          8          0       3809   nrfx_prs.o
       846         20         17          0         36      21397   nrfx_spim.o
      1368         38         17          0         44      30545   nrfx_uart.o
      1290         36         18          0         36      25175   nrfx_uarte.o
        14          0          0          4          0       2938   retarget.o
       378         34          0          0        648       9033   segger_rtt.o
      1030        124      30040          1          0      31917   spitest.o
       552         68          0          4          0      32201   system_nrf52.o

    ----------------------------------------------------------------------
     23088       1962      33336        304       5544    1014377   Object Totals
         0          0         32          0          0          0   (incl. Generated)
        62          0         51          6          4          0   (incl. Padding)

    ----------------------------------------------------------------------

      Code (inc. data)   RO Data    RW Data    ZI Data      Debug   Library Member Name

        86          0          0          0          0          0   __dczerorl2.o
         8          4        133          0          0         68   ctype_o.o
         0          0          0          0          0          0   entry.o
         0          0          0          0          0          0   entry10a.o
         0          0          0          0          0          0   entry11a.o
         8          4          0          0          0          0   entry2.o
         4          0          0          0          0          0   entry5.o
         0          0          0          0          0          0   entry7b.o
         0          0          0          0          0          0   entry8b.o
         8          4          0          0          0          0   entry9a.o
        30          0          0          0          0          0   handlers.o
        36          8          0          0          0         68   init.o
        36          0          0          0          0         68   memcpya.o
        36          0          0          0          0        108   memseta.o
        50          8          0          0          0        152   printfb.o
        18          0          0          0          0         68   strcpy.o
        14          0          0          0          0         68   strlen.o

    ----------------------------------------------------------------------
       336         28        136          0          0        600   Library Totals
         2          0          3          0          0          0   (incl. Padding)

    ----------------------------------------------------------------------

      Code (inc. data)   RO Data    RW Data    ZI Data      Debug   Library Name

       334         28        133          0          0        600   mc_w.l

    ----------------------------------------------------------------------
       336         28        136          0          0        600   Library Totals

    ----------------------------------------------------------------------

==============================================================================


      Code (inc. data)   RO Data    RW Data    ZI Data      Debug   

     23424       1990      33472        304       5544     999037   Grand Totals
     23424       1990      33472         88       5544     999037   ELF Image Totals (compressed)
     23424       1990      33472         88          0          0   ROM Totals

==============================================================================

    Total RO  Size (Code + RO Data)                56896 (  55.56kB)
    Total RW  Size (RW Data + ZI Data)              5848 (   5.71kB)
    Total ROM Size (Code + RO Data + RW Data)      56984 (  55.65kB)

==============================================================================

